Archive member included because of file (symbol)

E:\CodeSourcery\SourceryG++Lite\arm-none-eabi\lib\thumb2\libc.a(lib_a-puts.o)
                              os_main.o (puts)
E:\CodeSourcery\SourceryG++Lite\arm-none-eabi\lib\thumb2\libc.a(lib_a-strlen.o)
                              E:\CodeSourcery\SourceryG++Lite\arm-none-eabi\lib\thumb2\libc.a(lib_a-puts.o) (strlen)
E:\CodeSourcery\SourceryG++Lite\arm-none-eabi\lib\thumb2\libc.a(lib_a-findfp.o)
                              E:\CodeSourcery\SourceryG++Lite\arm-none-eabi\lib\thumb2\libc.a(lib_a-puts.o) (__sinit)
E:\CodeSourcery\SourceryG++Lite\arm-none-eabi\lib\thumb2\libc.a(lib_a-fvwrite.o)
                              E:\CodeSourcery\SourceryG++Lite\arm-none-eabi\lib\thumb2\libc.a(lib_a-puts.o) (__sfvwrite_r)
E:\CodeSourcery\SourceryG++Lite\arm-none-eabi\lib\thumb2\libc.a(lib_a-fwalk.o)
                              E:\CodeSourcery\SourceryG++Lite\arm-none-eabi\lib\thumb2\libc.a(lib_a-findfp.o) (_fwalk)
E:\CodeSourcery\SourceryG++Lite\arm-none-eabi\lib\thumb2\libc.a(lib_a-impure.o)
                              E:\CodeSourcery\SourceryG++Lite\arm-none-eabi\lib\thumb2\libc.a(lib_a-puts.o) (_impure_ptr)
E:\CodeSourcery\SourceryG++Lite\arm-none-eabi\lib\thumb2\libc.a(lib_a-mallocr.o)
                              E:\CodeSourcery\SourceryG++Lite\arm-none-eabi\lib\thumb2\libc.a(lib_a-findfp.o) (_malloc_r)
E:\CodeSourcery\SourceryG++Lite\arm-none-eabi\lib\thumb2\libc.a(lib_a-memchr.o)
                              E:\CodeSourcery\SourceryG++Lite\arm-none-eabi\lib\thumb2\libc.a(lib_a-fvwrite.o) (memchr)
E:\CodeSourcery\SourceryG++Lite\arm-none-eabi\lib\thumb2\libc.a(lib_a-memcpy.o)
                              E:\CodeSourcery\SourceryG++Lite\arm-none-eabi\lib\thumb2\libc.a(lib_a-fvwrite.o) (memcpy)
E:\CodeSourcery\SourceryG++Lite\arm-none-eabi\lib\thumb2\libc.a(lib_a-memmove.o)
                              E:\CodeSourcery\SourceryG++Lite\arm-none-eabi\lib\thumb2\libc.a(lib_a-fvwrite.o) (memmove)
E:\CodeSourcery\SourceryG++Lite\arm-none-eabi\lib\thumb2\libc.a(lib_a-memset.o)
                              E:\CodeSourcery\SourceryG++Lite\arm-none-eabi\lib\thumb2\libc.a(lib_a-findfp.o) (memset)
E:\CodeSourcery\SourceryG++Lite\arm-none-eabi\lib\thumb2\libc.a(lib_a-mlock.o)
                              E:\CodeSourcery\SourceryG++Lite\arm-none-eabi\lib\thumb2\libc.a(lib_a-mallocr.o) (__malloc_lock)
E:\CodeSourcery\SourceryG++Lite\arm-none-eabi\lib\thumb2\libc.a(lib_a-reallocr.o)
                              E:\CodeSourcery\SourceryG++Lite\arm-none-eabi\lib\thumb2\libc.a(lib_a-fvwrite.o) (_realloc_r)
E:\CodeSourcery\SourceryG++Lite\arm-none-eabi\lib\thumb2\libc.a(lib_a-sbrkr.o)
                              E:\CodeSourcery\SourceryG++Lite\arm-none-eabi\lib\thumb2\libc.a(lib_a-mallocr.o) (_sbrk_r)
E:\CodeSourcery\SourceryG++Lite\arm-none-eabi\lib\thumb2\libc.a(lib_a-stdio.o)
                              E:\CodeSourcery\SourceryG++Lite\arm-none-eabi\lib\thumb2\libc.a(lib_a-findfp.o) (__sclose)
E:\CodeSourcery\SourceryG++Lite\arm-none-eabi\lib\thumb2\libc.a(lib_a-writer.o)
                              E:\CodeSourcery\SourceryG++Lite\arm-none-eabi\lib\thumb2\libc.a(lib_a-stdio.o) (_write_r)
E:\CodeSourcery\SourceryG++Lite\arm-none-eabi\lib\thumb2\libc.a(lib_a-wsetup.o)
                              E:\CodeSourcery\SourceryG++Lite\arm-none-eabi\lib\thumb2\libc.a(lib_a-fvwrite.o) (__swsetup_r)
E:\CodeSourcery\SourceryG++Lite\arm-none-eabi\lib\thumb2\libc.a(lib_a-closer.o)
                              E:\CodeSourcery\SourceryG++Lite\arm-none-eabi\lib\thumb2\libc.a(lib_a-stdio.o) (_close_r)
E:\CodeSourcery\SourceryG++Lite\arm-none-eabi\lib\thumb2\libc.a(lib_a-fclose.o)
                              E:\CodeSourcery\SourceryG++Lite\arm-none-eabi\lib\thumb2\libc.a(lib_a-findfp.o) (fclose)
E:\CodeSourcery\SourceryG++Lite\arm-none-eabi\lib\thumb2\libc.a(lib_a-fflush.o)
                              E:\CodeSourcery\SourceryG++Lite\arm-none-eabi\lib\thumb2\libc.a(lib_a-fvwrite.o) (_fflush_r)
E:\CodeSourcery\SourceryG++Lite\arm-none-eabi\lib\thumb2\libc.a(lib_a-freer.o)
                              E:\CodeSourcery\SourceryG++Lite\arm-none-eabi\lib\thumb2\libc.a(lib_a-fvwrite.o) (_free_r)
E:\CodeSourcery\SourceryG++Lite\arm-none-eabi\lib\thumb2\libc.a(lib_a-lseekr.o)
                              E:\CodeSourcery\SourceryG++Lite\arm-none-eabi\lib\thumb2\libc.a(lib_a-stdio.o) (_lseek_r)
E:\CodeSourcery\SourceryG++Lite\arm-none-eabi\lib\thumb2\libc.a(lib_a-makebuf.o)
                              E:\CodeSourcery\SourceryG++Lite\arm-none-eabi\lib\thumb2\libc.a(lib_a-wsetup.o) (__smakebuf_r)
E:\CodeSourcery\SourceryG++Lite\arm-none-eabi\lib\thumb2\libc.a(lib_a-readr.o)
                              E:\CodeSourcery\SourceryG++Lite\arm-none-eabi\lib\thumb2\libc.a(lib_a-stdio.o) (_read_r)
E:\CodeSourcery\SourceryG++Lite\arm-none-eabi\lib\thumb2\libc.a(lib_a-reent.o)
                              E:\CodeSourcery\SourceryG++Lite\arm-none-eabi\lib\thumb2\libc.a(lib_a-sbrkr.o) (errno)
E:\CodeSourcery\SourceryG++Lite\arm-none-eabi\lib\thumb2\libc.a(lib_a-fstatr.o)
                              E:\CodeSourcery\SourceryG++Lite\arm-none-eabi\lib\thumb2\libc.a(lib_a-makebuf.o) (_fstat_r)
E:\CodeSourcery\SourceryG++Lite\arm-none-eabi\lib\thumb2\libc.a(lib_a-isattyr.o)
                              E:\CodeSourcery\SourceryG++Lite\arm-none-eabi\lib\thumb2\libc.a(lib_a-makebuf.o) (_isatty_r)

Allocating common symbols
Common symbol       size              file

errno               0x4               E:\CodeSourcery\SourceryG++Lite\arm-none-eabi\lib\thumb2\libc.a(lib_a-reent.o)

Memory Configuration

Name             Origin             Length             Attributes
rom              0x00000000         0x00080000         xr
ram              0x10000000         0x00008000         xrw
*default*        0x00000000         0xffffffff

Linker script and memory map

LOAD E:\CodeSourcery\SourceryG++Lite\arm-none-eabi\lib\thumb2\libc.a
LOAD E:\CodeSourcery\SourceryG++Lite\arm-none-eabi\lib\thumb2\libm.a
LOAD e:/codesourcery/sourceryg++lite/bin/../lib/gcc/arm-none-eabi/4.4.1/thumb2\libgcc.a
LOAD startup_LPC17xx.o
LOAD core_cm3.o
LOAD system_LPC17xx.o
LOAD os_main.o
START GROUP
LOAD e:/codesourcery/sourceryg++lite/bin/../lib/gcc/arm-none-eabi/4.4.1/thumb2\libgcc.a
LOAD E:\CodeSourcery\SourceryG++Lite\arm-none-eabi\lib\thumb2\libc.a
END GROUP
                0x10008000                PROVIDE (__cs3_stack, (__cs3_region_start_ram + __cs3_region_size_ram))
                0x00007ab8                PROVIDE (__cs3_stack_size, ((__cs3_region_start_ram + __cs3_region_size_ram) - _end))
                0x10000548                PROVIDE (__cs3_heap_start, _end)
                0x10008000                PROVIDE (__cs3_heap_end, (__cs3_region_start_ram + __cs3_region_size_ram))

.text           0x00000000     0x27a4
 CREATE_OBJECT_SYMBOLS
                0x00000000                __cs3_region_start_rom = .
 *(.cs3.region-head.rom)
                0x00000000                __cs3_interrupt_vector = __cs3_interrupt_vector_cortex_m
 *(.cs3.interrupt_vector)
 .cs3.interrupt_vector
                0x00000000       0xc4 startup_LPC17xx.o
                0x00000000                __cs3_interrupt_vector_cortex_m
                0x00000001                ASSERT ((. != __cs3_interrupt_vector_cortex_m), No interrupt vector)
 *(.rom)
 *(.rom.b)
                0x000000c4                __cs3_reset = __cs3_reset_cortex_m
 *(.cs3.reset)
 .cs3.reset     0x000000c4       0x10 startup_LPC17xx.o
                0x000000c4                __cs3_reset_cortex_m
                0x00000001                ASSERT ((. != __cs3_reset), No reset code)
 *(.text .text.* .gnu.linkonce.t.*)
 .text          0x000000d4       0x14 startup_LPC17xx.o
                0x000000d4                NMI_Handler
                0x000000d6                HardFault_Handler
                0x000000d8                MemManage_Handler
                0x000000da                BusFault_Handler
                0x000000dc                UsageFault_Handler
                0x000000de                SVC_Handler
                0x000000e0                DebugMon_Handler
                0x000000e2                PendSV_Handler
                0x000000e6                I2C1_IRQHandler
                0x000000e6                EINT2_IRQHandler
                0x000000e6                UART1_IRQHandler
                0x000000e6                EINT3_IRQHandler
                0x000000e6                TIMER3_IRQHandler
                0x000000e6                UART0_IRQHandler
                0x000000e6                I2C0_IRQHandler
                0x000000e6                PLL0_IRQHandler
                0x000000e6                CAN_IRQHandler
                0x000000e6                RIT_IRQHandler
                0x000000e6                SSP0_IRQHandler
                0x000000e6                PWM1_IRQHandler
                0x000000e6                I2C2_IRQHandler
                0x000000e6                RTC_IRQHandler
                0x000000e6                TIMER0_IRQHandler
                0x000000e6                SPI_IRQHandler
                0x000000e6                EINT1_IRQHandler
                0x000000e6                TIMER1_IRQHandler
                0x000000e6                UART2_IRQHandler
                0x000000e6                Default_Handler
                0x000000e6                ADC_IRQHandler
                0x000000e6                SSP1_IRQHandler
                0x000000e6                USB_IRQHandler
                0x000000e6                BOD_IRQHandler
                0x000000e6                I2S_IRQHandler
                0x000000e6                WDT_IRQHandler
                0x000000e6                PLL1_IRQHandler
                0x000000e6                QEI_IRQHandler
                0x000000e6                EINT0_IRQHandler
                0x000000e6                DMA_IRQHandler
                0x000000e6                TIMER2_IRQHandler
                0x000000e6                UART3_IRQHandler
                0x000000e6                MCPWM_IRQHandler
                0x000000e6                ENET_IRQHandler
 .text          0x000000e8      0x28c core_cm3.o
                0x000000e8                __get_PSP
                0x000000f8                __set_PSP
                0x00000100                __get_MSP
                0x00000110                __set_MSP
                0x00000118                __get_BASEPRI
                0x00000138                __set_BASEPRI
                0x00000150                __get_PRIMASK
                0x00000170                __set_PRIMASK
                0x00000188                __get_FAULTMASK
                0x000001a8                __set_FAULTMASK
                0x000001c0                __get_CONTROL
                0x000001e0                __set_CONTROL
                0x000001f8                __REV
                0x0000021c                __REV16
                0x00000240                __REVSH
                0x00000264                __RBIT
                0x00000288                __LDREXB
                0x000002ac                __LDREXH
                0x000002d0                __LDREXW
                0x000002f4                __STREXB
                0x00000320                __STREXH
                0x0000034c                __STREXW
 .text          0x00000374      0x43c system_LPC17xx.o
                0x00000374                SystemCoreClockUpdate
                0x0000059c                SystemInit
 .text          0x000007b0      0x2a0 os_main.o
                0x00000870                SysTick_Handler
                0x000008e0                _sbrk
                0x0000093c                link
                0x00000958                _close
                0x00000970                _fstat
                0x00000994                _isatty
                0x000009ac                _lseek
                0x000009c8                _read
                0x000009e4                _write
                0x00000a00                main
 .text          0x00000a50       0x88 E:\CodeSourcery\SourceryG++Lite\arm-none-eabi\lib\thumb2\libc.a(lib_a-puts.o)
                0x00000a50                _puts_r
                0x00000ac8                puts
 .text          0x00000ad8       0x60 E:\CodeSourcery\SourceryG++Lite\arm-none-eabi\lib\thumb2\libc.a(lib_a-strlen.o)
                0x00000ad8                strlen
 .text          0x00000b38      0x1c8 E:\CodeSourcery\SourceryG++Lite\arm-none-eabi\lib\thumb2\libc.a(lib_a-findfp.o)
                0x00000b38                __sfp_lock_acquire
                0x00000b3c                __sfp_lock_release
                0x00000b40                __sinit_lock_acquire
                0x00000b44                __sinit_lock_release
                0x00000b50                __fp_unlock_all
                0x00000b68                __fp_lock_all
                0x00000b80                _cleanup_r
                0x00000b8c                _cleanup
                0x00000be8                __sfmoreglue
                0x00000c18                __sfp
                0x00000ca0                __sinit
 .text          0x00000d00      0x334 E:\CodeSourcery\SourceryG++Lite\arm-none-eabi\lib\thumb2\libc.a(lib_a-fvwrite.o)
                0x00000d00                __sfvwrite_r
 .text          0x00001034       0xa0 E:\CodeSourcery\SourceryG++Lite\arm-none-eabi\lib\thumb2\libc.a(lib_a-fwalk.o)
                0x00001034                _fwalk_reent
                0x00001088                _fwalk
 .text          0x000010d4        0x0 E:\CodeSourcery\SourceryG++Lite\arm-none-eabi\lib\thumb2\libc.a(lib_a-impure.o)
 .text          0x000010d4      0x5a4 E:\CodeSourcery\SourceryG++Lite\arm-none-eabi\lib\thumb2\libc.a(lib_a-mallocr.o)
                0x000010d4                _malloc_r
 .text          0x00001678       0x74 E:\CodeSourcery\SourceryG++Lite\arm-none-eabi\lib\thumb2\libc.a(lib_a-memchr.o)
                0x00001678                memchr
 .text          0x000016ec      0x190 E:\CodeSourcery\SourceryG++Lite\arm-none-eabi\lib\thumb2\libc.a(lib_a-memcpy.o)
                0x000016ec                memcpy
 .text          0x0000187c       0xb8 E:\CodeSourcery\SourceryG++Lite\arm-none-eabi\lib\thumb2\libc.a(lib_a-memmove.o)
                0x0000187c                memmove
 .text          0x00001934       0xd4 E:\CodeSourcery\SourceryG++Lite\arm-none-eabi\lib\thumb2\libc.a(lib_a-memset.o)
                0x00001934                memset
 .text          0x00001a08        0x8 E:\CodeSourcery\SourceryG++Lite\arm-none-eabi\lib\thumb2\libc.a(lib_a-mlock.o)
                0x00001a08                __malloc_lock
                0x00001a0c                __malloc_unlock
 .text          0x00001a10      0x3b4 E:\CodeSourcery\SourceryG++Lite\arm-none-eabi\lib\thumb2\libc.a(lib_a-reallocr.o)
                0x00001a10                _realloc_r
 .text          0x00001dc4       0x28 E:\CodeSourcery\SourceryG++Lite\arm-none-eabi\lib\thumb2\libc.a(lib_a-sbrkr.o)
                0x00001dc4                _sbrk_r
 .text          0x00001dec       0x90 E:\CodeSourcery\SourceryG++Lite\arm-none-eabi\lib\thumb2\libc.a(lib_a-stdio.o)
                0x00001dec                __sclose
                0x00001df4                __sseek
                0x00001e1c                __swrite
                0x00001e58                __sread
 .text          0x00001e7c       0x2c E:\CodeSourcery\SourceryG++Lite\arm-none-eabi\lib\thumb2\libc.a(lib_a-writer.o)
                0x00001e7c                _write_r
 .text          0x00001ea8      0x104 E:\CodeSourcery\SourceryG++Lite\arm-none-eabi\lib\thumb2\libc.a(lib_a-wsetup.o)
                0x00001ea8                __swsetup_r
 .text          0x00001fac       0x28 E:\CodeSourcery\SourceryG++Lite\arm-none-eabi\lib\thumb2\libc.a(lib_a-closer.o)
                0x00001fac                _close_r
 .text          0x00001fd4       0xcc E:\CodeSourcery\SourceryG++Lite\arm-none-eabi\lib\thumb2\libc.a(lib_a-fclose.o)
                0x00001fd4                _fclose_r
                0x00002090                fclose
 .text          0x000020a0      0x178 E:\CodeSourcery\SourceryG++Lite\arm-none-eabi\lib\thumb2\libc.a(lib_a-fflush.o)
                0x000020a0                _fflush_r
                0x000021f0                fflush
 .text          0x00002218      0x268 E:\CodeSourcery\SourceryG++Lite\arm-none-eabi\lib\thumb2\libc.a(lib_a-freer.o)
                0x00002218                _malloc_trim_r
                0x000022c0                _free_r
 .text          0x00002480       0x2c E:\CodeSourcery\SourceryG++Lite\arm-none-eabi\lib\thumb2\libc.a(lib_a-lseekr.o)
                0x00002480                _lseek_r
 .text          0x000024ac       0xdc E:\CodeSourcery\SourceryG++Lite\arm-none-eabi\lib\thumb2\libc.a(lib_a-makebuf.o)
                0x000024ac                __smakebuf_r
 .text          0x00002588       0x2c E:\CodeSourcery\SourceryG++Lite\arm-none-eabi\lib\thumb2\libc.a(lib_a-readr.o)
                0x00002588                _read_r
 .text          0x000025b4      0x10c E:\CodeSourcery\SourceryG++Lite\arm-none-eabi\lib\thumb2\libc.a(lib_a-reent.o)
                0x000025b4                _wrapup_reent
                0x000025ec                cleanup_glue
                0x00002608                _reclaim_reent
 .text          0x000026c0       0x2c E:\CodeSourcery\SourceryG++Lite\arm-none-eabi\lib\thumb2\libc.a(lib_a-fstatr.o)
                0x000026c0                _fstat_r
 .text          0x000026ec       0x28 E:\CodeSourcery\SourceryG++Lite\arm-none-eabi\lib\thumb2\libc.a(lib_a-isattyr.o)
                0x000026ec                _isatty_r
 *(.plt)
 *(.gnu.warning)
 *(.glue_7t)
 .glue_7t       0x00000000        0x0 linker stubs
 *(.glue_7)
 .glue_7        0x00000000        0x0 linker stubs
 *(.vfp11_veneer)
 .vfp11_veneer  0x00000000        0x0 linker stubs
 *(.rodata .rodata.* .gnu.linkonce.r.*)
 .rodata        0x00002714       0x10 os_main.o
 .rodata.str1.4
                0x00002724        0x2 E:\CodeSourcery\SourceryG++Lite\arm-none-eabi\lib\thumb2\libc.a(lib_a-puts.o)
                                  0x4 (size before relaxing)
 *fill*         0x00002726        0x2 00
 .rodata        0x00002728       0x60 E:\CodeSourcery\SourceryG++Lite\arm-none-eabi\lib\thumb2\libc.a(lib_a-findfp.o)
                0x00002728                __sf_fake_stdin
                0x00002748                __sf_fake_stdout
                0x00002768                __sf_fake_stderr
 .rodata        0x00002788        0x4 E:\CodeSourcery\SourceryG++Lite\arm-none-eabi\lib\thumb2\libc.a(lib_a-impure.o)
                0x00002788                _global_impure_ptr
 .rodata.str1.4
                0x0000278c        0x4 E:\CodeSourcery\SourceryG++Lite\arm-none-eabi\lib\thumb2\libc.a(lib_a-impure.o)
 *(.ARM.extab* .gnu.linkonce.armextab.*)
 .ARM.extab.cs3.reset
                0x00002790        0x0 startup_LPC17xx.o
 *(.gcc_except_table)
 *(.eh_frame_hdr)
 *(.eh_frame)
                0x00002790                . = ALIGN (0x4)
 *(.init)
                0x00002790                . = ALIGN (0x4)
                0x00002790                __preinit_array_start = .
 *(.preinit_array)
                0x00002790                __preinit_array_end = .
                0x00002790                . = ALIGN (0x4)
                0x00002790                __init_array_start = .
 *(SORT(.init_array.*))
 *(.init_array)
                0x00002790                __init_array_end = .
                0x00002790                . = ALIGN (0x4)
 *crtbegin.o(.ctors)
 *(EXCLUDE_FILE(*crtend.o) .ctors)
 *(SORT(.ctors.*))
 *crtend.o(.ctors)
                0x00002790                . = ALIGN (0x4)
 *(.fini)
                0x00002790                . = ALIGN (0x4)
                0x00002790                __fini_array_start = .
 *(.fini_array)
 *(SORT(.fini_array.*))
                0x00002790                __fini_array_end = .
 *crtbegin.o(.dtors)
 *(EXCLUDE_FILE(*crtend.o) .dtors)
 *(SORT(.dtors.*))
 *crtend.o(.dtors)
                0x00002790                . = ALIGN (0x4)
                0x00002790                __cs3_regions = .
                0x00002790        0x4 LONG 0x0
                0x00002794        0x4 LONG 0x27b0 __cs3_region_init_ram
                0x00002798        0x4 LONG 0x10000000 __cs3_region_start_ram
                0x0000279c        0x4 LONG 0x508 __cs3_region_init_size_ram
                0x000027a0        0x4 LONG 0x40 __cs3_region_zero_size_ram
                0x000027a4                __exidx_start = .

.v4_bx          0x000027a4        0x0
 .v4_bx         0x00000000        0x0 linker stubs

.ARM.exidx      0x000027a4        0x8
 *(.ARM.exidx* .gnu.linkonce.armexidx.*)
 .ARM.exidx.cs3.reset
                0x000027a4        0x8 startup_LPC17xx.o
                0x000027ac                __exidx_end = .

.text.align     0x000027ac        0x4
                0x000027b0                . = ALIGN (0x8)
 *fill*         0x000027ac        0x4 00
                0x000027b0                _etext = .
                0x00080000                __cs3_region_size_rom = 0x80000
                0x00000001                __cs3_region_num = 0x1

.data           0x10000000      0x508 load address 0x000027b0
                0x10000000                __cs3_region_start_ram = .
 *(.cs3.region-head.ram)
 *(.jcr)
 *(.got.plt)
 *(.got)
 *(.shdata)
 *(.data .data.* .gnu.linkonce.d.*)
 .data          0x10000000        0x0 startup_LPC17xx.o
 .data          0x10000000        0x0 core_cm3.o
 .data          0x10000000        0x4 system_LPC17xx.o
                0x10000000                SystemCoreClock
 .data          0x10000004        0x0 os_main.o
 .data          0x10000004        0x0 E:\CodeSourcery\SourceryG++Lite\arm-none-eabi\lib\thumb2\libc.a(lib_a-puts.o)
 .data          0x10000004        0x0 E:\CodeSourcery\SourceryG++Lite\arm-none-eabi\lib\thumb2\libc.a(lib_a-strlen.o)
 .data          0x10000004        0x0 E:\CodeSourcery\SourceryG++Lite\arm-none-eabi\lib\thumb2\libc.a(lib_a-findfp.o)
 .data          0x10000004        0x0 E:\CodeSourcery\SourceryG++Lite\arm-none-eabi\lib\thumb2\libc.a(lib_a-fvwrite.o)
 .data          0x10000004        0x0 E:\CodeSourcery\SourceryG++Lite\arm-none-eabi\lib\thumb2\libc.a(lib_a-fwalk.o)
 .data          0x10000004       0xf4 E:\CodeSourcery\SourceryG++Lite\arm-none-eabi\lib\thumb2\libc.a(lib_a-impure.o)
                0x10000004                _impure_ptr
 .data          0x100000f8      0x410 E:\CodeSourcery\SourceryG++Lite\arm-none-eabi\lib\thumb2\libc.a(lib_a-mallocr.o)
                0x100000f8                __malloc_av_
                0x10000500                __malloc_sbrk_base
                0x10000504                __malloc_trim_threshold
 .data          0x10000508        0x0 E:\CodeSourcery\SourceryG++Lite\arm-none-eabi\lib\thumb2\libc.a(lib_a-memchr.o)
 .data          0x10000508        0x0 E:\CodeSourcery\SourceryG++Lite\arm-none-eabi\lib\thumb2\libc.a(lib_a-memcpy.o)
 .data          0x10000508        0x0 E:\CodeSourcery\SourceryG++Lite\arm-none-eabi\lib\thumb2\libc.a(lib_a-memmove.o)
 .data          0x10000508        0x0 E:\CodeSourcery\SourceryG++Lite\arm-none-eabi\lib\thumb2\libc.a(lib_a-memset.o)
 .data          0x10000508        0x0 E:\CodeSourcery\SourceryG++Lite\arm-none-eabi\lib\thumb2\libc.a(lib_a-mlock.o)
 .data          0x10000508        0x0 E:\CodeSourcery\SourceryG++Lite\arm-none-eabi\lib\thumb2\libc.a(lib_a-reallocr.o)
 .data          0x10000508        0x0 E:\CodeSourcery\SourceryG++Lite\arm-none-eabi\lib\thumb2\libc.a(lib_a-sbrkr.o)
 .data          0x10000508        0x0 E:\CodeSourcery\SourceryG++Lite\arm-none-eabi\lib\thumb2\libc.a(lib_a-stdio.o)
 .data          0x10000508        0x0 E:\CodeSourcery\SourceryG++Lite\arm-none-eabi\lib\thumb2\libc.a(lib_a-writer.o)
 .data          0x10000508        0x0 E:\CodeSourcery\SourceryG++Lite\arm-none-eabi\lib\thumb2\libc.a(lib_a-wsetup.o)
 .data          0x10000508        0x0 E:\CodeSourcery\SourceryG++Lite\arm-none-eabi\lib\thumb2\libc.a(lib_a-closer.o)
 .data          0x10000508        0x0 E:\CodeSourcery\SourceryG++Lite\arm-none-eabi\lib\thumb2\libc.a(lib_a-fclose.o)
 .data          0x10000508        0x0 E:\CodeSourcery\SourceryG++Lite\arm-none-eabi\lib\thumb2\libc.a(lib_a-fflush.o)
 .data          0x10000508        0x0 E:\CodeSourcery\SourceryG++Lite\arm-none-eabi\lib\thumb2\libc.a(lib_a-freer.o)
 .data          0x10000508        0x0 E:\CodeSourcery\SourceryG++Lite\arm-none-eabi\lib\thumb2\libc.a(lib_a-lseekr.o)
 .data          0x10000508        0x0 E:\CodeSourcery\SourceryG++Lite\arm-none-eabi\lib\thumb2\libc.a(lib_a-makebuf.o)
 .data          0x10000508        0x0 E:\CodeSourcery\SourceryG++Lite\arm-none-eabi\lib\thumb2\libc.a(lib_a-readr.o)
 .data          0x10000508        0x0 E:\CodeSourcery\SourceryG++Lite\arm-none-eabi\lib\thumb2\libc.a(lib_a-reent.o)
 .data          0x10000508        0x0 E:\CodeSourcery\SourceryG++Lite\arm-none-eabi\lib\thumb2\libc.a(lib_a-fstatr.o)
 .data          0x10000508        0x0 E:\CodeSourcery\SourceryG++Lite\arm-none-eabi\lib\thumb2\libc.a(lib_a-isattyr.o)
 *(.ram)
                0x10000508                . = ALIGN (0x8)
                0x10000508                _edata = .

.bss            0x10000508       0x40 load address 0x00002cb8
 *(.shbss)
 *(.bss .bss.* .gnu.linkonce.b.*)
 .bss           0x10000508        0x0 startup_LPC17xx.o
 .bss           0x10000508        0x0 core_cm3.o
 .bss           0x10000508        0x0 system_LPC17xx.o
 .bss           0x10000508        0x8 os_main.o
                0x10000508                msTicks
 .bss           0x10000510        0x0 E:\CodeSourcery\SourceryG++Lite\arm-none-eabi\lib\thumb2\libc.a(lib_a-puts.o)
 .bss           0x10000510        0x0 E:\CodeSourcery\SourceryG++Lite\arm-none-eabi\lib\thumb2\libc.a(lib_a-strlen.o)
 .bss           0x10000510        0x0 E:\CodeSourcery\SourceryG++Lite\arm-none-eabi\lib\thumb2\libc.a(lib_a-findfp.o)
 .bss           0x10000510        0x0 E:\CodeSourcery\SourceryG++Lite\arm-none-eabi\lib\thumb2\libc.a(lib_a-fvwrite.o)
 .bss           0x10000510        0x0 E:\CodeSourcery\SourceryG++Lite\arm-none-eabi\lib\thumb2\libc.a(lib_a-fwalk.o)
 .bss           0x10000510        0x0 E:\CodeSourcery\SourceryG++Lite\arm-none-eabi\lib\thumb2\libc.a(lib_a-impure.o)
 .bss           0x10000510       0x34 E:\CodeSourcery\SourceryG++Lite\arm-none-eabi\lib\thumb2\libc.a(lib_a-mallocr.o)
                0x10000510                __malloc_top_pad
                0x10000514                __malloc_current_mallinfo
                0x1000053c                __malloc_max_sbrked_mem
                0x10000540                __malloc_max_total_mem
 .bss           0x10000544        0x0 E:\CodeSourcery\SourceryG++Lite\arm-none-eabi\lib\thumb2\libc.a(lib_a-memchr.o)
 .bss           0x10000544        0x0 E:\CodeSourcery\SourceryG++Lite\arm-none-eabi\lib\thumb2\libc.a(lib_a-memcpy.o)
 .bss           0x10000544        0x0 E:\CodeSourcery\SourceryG++Lite\arm-none-eabi\lib\thumb2\libc.a(lib_a-memmove.o)
 .bss           0x10000544        0x0 E:\CodeSourcery\SourceryG++Lite\arm-none-eabi\lib\thumb2\libc.a(lib_a-memset.o)
 .bss           0x10000544        0x0 E:\CodeSourcery\SourceryG++Lite\arm-none-eabi\lib\thumb2\libc.a(lib_a-mlock.o)
 .bss           0x10000544        0x0 E:\CodeSourcery\SourceryG++Lite\arm-none-eabi\lib\thumb2\libc.a(lib_a-reallocr.o)
 .bss           0x10000544        0x0 E:\CodeSourcery\SourceryG++Lite\arm-none-eabi\lib\thumb2\libc.a(lib_a-sbrkr.o)
 .bss           0x10000544        0x0 E:\CodeSourcery\SourceryG++Lite\arm-none-eabi\lib\thumb2\libc.a(lib_a-stdio.o)
 .bss           0x10000544        0x0 E:\CodeSourcery\SourceryG++Lite\arm-none-eabi\lib\thumb2\libc.a(lib_a-writer.o)
 .bss           0x10000544        0x0 E:\CodeSourcery\SourceryG++Lite\arm-none-eabi\lib\thumb2\libc.a(lib_a-wsetup.o)
 .bss           0x10000544        0x0 E:\CodeSourcery\SourceryG++Lite\arm-none-eabi\lib\thumb2\libc.a(lib_a-closer.o)
 .bss           0x10000544        0x0 E:\CodeSourcery\SourceryG++Lite\arm-none-eabi\lib\thumb2\libc.a(lib_a-fclose.o)
 .bss           0x10000544        0x0 E:\CodeSourcery\SourceryG++Lite\arm-none-eabi\lib\thumb2\libc.a(lib_a-fflush.o)
 .bss           0x10000544        0x0 E:\CodeSourcery\SourceryG++Lite\arm-none-eabi\lib\thumb2\libc.a(lib_a-freer.o)
 .bss           0x10000544        0x0 E:\CodeSourcery\SourceryG++Lite\arm-none-eabi\lib\thumb2\libc.a(lib_a-lseekr.o)
 .bss           0x10000544        0x0 E:\CodeSourcery\SourceryG++Lite\arm-none-eabi\lib\thumb2\libc.a(lib_a-makebuf.o)
 .bss           0x10000544        0x0 E:\CodeSourcery\SourceryG++Lite\arm-none-eabi\lib\thumb2\libc.a(lib_a-readr.o)
 .bss           0x10000544        0x0 E:\CodeSourcery\SourceryG++Lite\arm-none-eabi\lib\thumb2\libc.a(lib_a-reent.o)
 .bss           0x10000544        0x0 E:\CodeSourcery\SourceryG++Lite\arm-none-eabi\lib\thumb2\libc.a(lib_a-fstatr.o)
 .bss           0x10000544        0x0 E:\CodeSourcery\SourceryG++Lite\arm-none-eabi\lib\thumb2\libc.a(lib_a-isattyr.o)
 *(COMMON)
 COMMON         0x10000544        0x4 E:\CodeSourcery\SourceryG++Lite\arm-none-eabi\lib\thumb2\libc.a(lib_a-reent.o)
                0x10000544                errno
 *(.ram.b)
                0x10000548                . = ALIGN (0x8)
                0x10000548                _end = .
                0x10000548                __end = .

.heap           0x10000548     0x1000 load address 0x00002cb8
 *(.heap)
 .heap          0x10000548     0x1000 startup_LPC17xx.o
                0x10000548                __cs3_heap_start
                0x10001548                __cs3_heap_end

.stack          0x10007f00      0x100 load address 0x00002cb8
 *(.stack)
 .stack         0x10007f00      0x100 startup_LPC17xx.o
                0x10007f00                __cs3_stack_mem
                0x000027b0                __cs3_region_init_ram = LOADADDR (.data)
                0x00000508                __cs3_region_init_size_ram = (_edata - __cs3_region_start_ram)
                0x00000040                __cs3_region_zero_size_ram = (_end - _edata)
                0x00008000                __cs3_region_size_ram = 0x8000
                0x00000001                __cs3_region_num = 0x1

.stab
 *(.stab)

.stabstr
 *(.stabstr)

.debug
 *(.debug)

.line
 *(.line)

.debug_srcinfo
 *(.debug_srcinfo)

.debug_sfnames
 *(.debug_sfnames)

.debug_aranges
 *(.debug_aranges)

.debug_pubnames
 *(.debug_pubnames)

.debug_info
 *(.debug_info .gnu.linkonce.wi.*)

.debug_abbrev
 *(.debug_abbrev)

.debug_line
 *(.debug_line)

.comment        0x00000000       0x81
 .comment       0x00000000       0x2b core_cm3.o
 .comment       0x0000002b       0x2b system_LPC17xx.o
 .comment       0x00000056       0x2b os_main.o

.debug_frame    0x00000000      0x698
 *(.debug_frame)
 .debug_frame   0x00000000       0x40 E:\CodeSourcery\SourceryG++Lite\arm-none-eabi\lib\thumb2\libc.a(lib_a-puts.o)
 .debug_frame   0x00000040       0x20 E:\CodeSourcery\SourceryG++Lite\arm-none-eabi\lib\thumb2\libc.a(lib_a-strlen.o)
 .debug_frame   0x00000060      0x11c E:\CodeSourcery\SourceryG++Lite\arm-none-eabi\lib\thumb2\libc.a(lib_a-findfp.o)
 .debug_frame   0x0000017c       0x3c E:\CodeSourcery\SourceryG++Lite\arm-none-eabi\lib\thumb2\libc.a(lib_a-fvwrite.o)
 .debug_frame   0x000001b8       0x54 E:\CodeSourcery\SourceryG++Lite\arm-none-eabi\lib\thumb2\libc.a(lib_a-fwalk.o)
 .debug_frame   0x0000020c       0x3c E:\CodeSourcery\SourceryG++Lite\arm-none-eabi\lib\thumb2\libc.a(lib_a-mallocr.o)
 .debug_frame   0x00000248       0x28 E:\CodeSourcery\SourceryG++Lite\arm-none-eabi\lib\thumb2\libc.a(lib_a-memchr.o)
 .debug_frame   0x00000270       0x34 E:\CodeSourcery\SourceryG++Lite\arm-none-eabi\lib\thumb2\libc.a(lib_a-memcpy.o)
 .debug_frame   0x000002a4       0x2c E:\CodeSourcery\SourceryG++Lite\arm-none-eabi\lib\thumb2\libc.a(lib_a-memmove.o)
 .debug_frame   0x000002d0       0x28 E:\CodeSourcery\SourceryG++Lite\arm-none-eabi\lib\thumb2\libc.a(lib_a-memset.o)
 .debug_frame   0x000002f8       0x30 E:\CodeSourcery\SourceryG++Lite\arm-none-eabi\lib\thumb2\libc.a(lib_a-mlock.o)
 .debug_frame   0x00000328       0x3c E:\CodeSourcery\SourceryG++Lite\arm-none-eabi\lib\thumb2\libc.a(lib_a-reallocr.o)
 .debug_frame   0x00000364       0x2c E:\CodeSourcery\SourceryG++Lite\arm-none-eabi\lib\thumb2\libc.a(lib_a-sbrkr.o)
 .debug_frame   0x00000390       0x70 E:\CodeSourcery\SourceryG++Lite\arm-none-eabi\lib\thumb2\libc.a(lib_a-stdio.o)
 .debug_frame   0x00000400       0x2c E:\CodeSourcery\SourceryG++Lite\arm-none-eabi\lib\thumb2\libc.a(lib_a-writer.o)
 .debug_frame   0x0000042c       0x2c E:\CodeSourcery\SourceryG++Lite\arm-none-eabi\lib\thumb2\libc.a(lib_a-wsetup.o)
 .debug_frame   0x00000458       0x2c E:\CodeSourcery\SourceryG++Lite\arm-none-eabi\lib\thumb2\libc.a(lib_a-closer.o)
 .debug_frame   0x00000484       0x3c E:\CodeSourcery\SourceryG++Lite\arm-none-eabi\lib\thumb2\libc.a(lib_a-fclose.o)
 .debug_frame   0x000004c0       0x40 E:\CodeSourcery\SourceryG++Lite\arm-none-eabi\lib\thumb2\libc.a(lib_a-fflush.o)
 .debug_frame   0x00000500       0x50 E:\CodeSourcery\SourceryG++Lite\arm-none-eabi\lib\thumb2\libc.a(lib_a-freer.o)
 .debug_frame   0x00000550       0x2c E:\CodeSourcery\SourceryG++Lite\arm-none-eabi\lib\thumb2\libc.a(lib_a-lseekr.o)
 .debug_frame   0x0000057c       0x34 E:\CodeSourcery\SourceryG++Lite\arm-none-eabi\lib\thumb2\libc.a(lib_a-makebuf.o)
 .debug_frame   0x000005b0       0x2c E:\CodeSourcery\SourceryG++Lite\arm-none-eabi\lib\thumb2\libc.a(lib_a-readr.o)
 .debug_frame   0x000005dc       0x64 E:\CodeSourcery\SourceryG++Lite\arm-none-eabi\lib\thumb2\libc.a(lib_a-reent.o)
 .debug_frame   0x00000640       0x2c E:\CodeSourcery\SourceryG++Lite\arm-none-eabi\lib\thumb2\libc.a(lib_a-fstatr.o)
 .debug_frame   0x0000066c       0x2c E:\CodeSourcery\SourceryG++Lite\arm-none-eabi\lib\thumb2\libc.a(lib_a-isattyr.o)

.debug_str
 *(.debug_str)

.debug_loc
 *(.debug_loc)

.debug_macinfo
 *(.debug_macinfo)

.debug_weaknames
 *(.debug_weaknames)

.debug_funcnames
 *(.debug_funcnames)

.debug_typenames
 *(.debug_typenames)

.debug_varnames
 *(.debug_varnames)

.note.gnu.arm.ident
 *(.note.gnu.arm.ident)

.ARM.attributes
                0x00000000       0x2d
 *(.ARM.attributes)
 .ARM.attributes
                0x00000000       0x21 startup_LPC17xx.o
 .ARM.attributes
                0x00000021       0x31 core_cm3.o
 .ARM.attributes
                0x00000052       0x31 system_LPC17xx.o
 .ARM.attributes
                0x00000083       0x31 os_main.o
 .ARM.attributes
                0x000000b4       0x29 E:\CodeSourcery\SourceryG++Lite\arm-none-eabi\lib\thumb2\libc.a(lib_a-puts.o)
 .ARM.attributes
                0x000000dd       0x29 E:\CodeSourcery\SourceryG++Lite\arm-none-eabi\lib\thumb2\libc.a(lib_a-strlen.o)
 .ARM.attributes
                0x00000106       0x29 E:\CodeSourcery\SourceryG++Lite\arm-none-eabi\lib\thumb2\libc.a(lib_a-findfp.o)
 .ARM.attributes
                0x0000012f       0x29 E:\CodeSourcery\SourceryG++Lite\arm-none-eabi\lib\thumb2\libc.a(lib_a-fvwrite.o)
 .ARM.attributes
                0x00000158       0x29 E:\CodeSourcery\SourceryG++Lite\arm-none-eabi\lib\thumb2\libc.a(lib_a-fwalk.o)
 .ARM.attributes
                0x00000181       0x29 E:\CodeSourcery\SourceryG++Lite\arm-none-eabi\lib\thumb2\libc.a(lib_a-impure.o)
 .ARM.attributes
                0x000001aa       0x29 E:\CodeSourcery\SourceryG++Lite\arm-none-eabi\lib\thumb2\libc.a(lib_a-mallocr.o)
 .ARM.attributes
                0x000001d3       0x29 E:\CodeSourcery\SourceryG++Lite\arm-none-eabi\lib\thumb2\libc.a(lib_a-memchr.o)
 .ARM.attributes
                0x000001fc       0x29 E:\CodeSourcery\SourceryG++Lite\arm-none-eabi\lib\thumb2\libc.a(lib_a-memcpy.o)
 .ARM.attributes
                0x00000225       0x29 E:\CodeSourcery\SourceryG++Lite\arm-none-eabi\lib\thumb2\libc.a(lib_a-memmove.o)
 .ARM.attributes
                0x0000024e       0x29 E:\CodeSourcery\SourceryG++Lite\arm-none-eabi\lib\thumb2\libc.a(lib_a-memset.o)
 .ARM.attributes
                0x00000277       0x29 E:\CodeSourcery\SourceryG++Lite\arm-none-eabi\lib\thumb2\libc.a(lib_a-mlock.o)
 .ARM.attributes
                0x000002a0       0x29 E:\CodeSourcery\SourceryG++Lite\arm-none-eabi\lib\thumb2\libc.a(lib_a-reallocr.o)
 .ARM.attributes
                0x000002c9       0x29 E:\CodeSourcery\SourceryG++Lite\arm-none-eabi\lib\thumb2\libc.a(lib_a-sbrkr.o)
 .ARM.attributes
                0x000002f2       0x29 E:\CodeSourcery\SourceryG++Lite\arm-none-eabi\lib\thumb2\libc.a(lib_a-stdio.o)
 .ARM.attributes
                0x0000031b       0x29 E:\CodeSourcery\SourceryG++Lite\arm-none-eabi\lib\thumb2\libc.a(lib_a-writer.o)
 .ARM.attributes
                0x00000344       0x29 E:\CodeSourcery\SourceryG++Lite\arm-none-eabi\lib\thumb2\libc.a(lib_a-wsetup.o)
 .ARM.attributes
                0x0000036d       0x29 E:\CodeSourcery\SourceryG++Lite\arm-none-eabi\lib\thumb2\libc.a(lib_a-closer.o)
 .ARM.attributes
                0x00000396       0x29 E:\CodeSourcery\SourceryG++Lite\arm-none-eabi\lib\thumb2\libc.a(lib_a-fclose.o)
 .ARM.attributes
                0x000003bf       0x29 E:\CodeSourcery\SourceryG++Lite\arm-none-eabi\lib\thumb2\libc.a(lib_a-fflush.o)
 .ARM.attributes
                0x000003e8       0x29 E:\CodeSourcery\SourceryG++Lite\arm-none-eabi\lib\thumb2\libc.a(lib_a-freer.o)
 .ARM.attributes
                0x00000411       0x29 E:\CodeSourcery\SourceryG++Lite\arm-none-eabi\lib\thumb2\libc.a(lib_a-lseekr.o)
 .ARM.attributes
                0x0000043a       0x29 E:\CodeSourcery\SourceryG++Lite\arm-none-eabi\lib\thumb2\libc.a(lib_a-makebuf.o)
 .ARM.attributes
                0x00000463       0x29 E:\CodeSourcery\SourceryG++Lite\arm-none-eabi\lib\thumb2\libc.a(lib_a-readr.o)
 .ARM.attributes
                0x0000048c       0x29 E:\CodeSourcery\SourceryG++Lite\arm-none-eabi\lib\thumb2\libc.a(lib_a-reent.o)
 .ARM.attributes
                0x000004b5       0x29 E:\CodeSourcery\SourceryG++Lite\arm-none-eabi\lib\thumb2\libc.a(lib_a-fstatr.o)
 .ARM.attributes
                0x000004de       0x29 E:\CodeSourcery\SourceryG++Lite\arm-none-eabi\lib\thumb2\libc.a(lib_a-isattyr.o)

/DISCARD/
 *(.note.GNU-stack)
OUTPUT(mbed_test.elf elf32-littlearm)
