Archive member included because of file (symbol)

/opt/CodeSourcery/Sourcery_CodeBench_Lite_for_ARM_EABI/bin/../lib/gcc/arm-none-eabi/4.7.3/libgcc.a(_udivsi3.o)
                              EcuM_Callout_Stubs.o (__aeabi_uidiv)
/opt/CodeSourcery/Sourcery_CodeBench_Lite_for_ARM_EABI/bin/../lib/gcc/arm-none-eabi/4.7.3/libgcc.a(_divsi3.o)
                              Can.o (__aeabi_idiv)
/opt/CodeSourcery/Sourcery_CodeBench_Lite_for_ARM_EABI/bin/../lib/gcc/arm-none-eabi/4.7.3/libgcc.a(_dvmd_tls.o)
                              /opt/CodeSourcery/Sourcery_CodeBench_Lite_for_ARM_EABI/bin/../lib/gcc/arm-none-eabi/4.7.3/libgcc.a(_udivsi3.o) (__aeabi_idiv0)
/opt/CodeSourcery/Sourcery_CodeBench_Lite_for_ARM_EABI/bin/../lib/gcc/arm-none-eabi/4.7.3/libgcc.a(_arm_addsubdf3.o)
                              IoHwAb_Digital.o (__aeabi_dadd)
/opt/CodeSourcery/Sourcery_CodeBench_Lite_for_ARM_EABI/bin/../lib/gcc/arm-none-eabi/4.7.3/libgcc.a(_arm_muldivdf3.o)
                              UltrasonicSensor.o (__aeabi_dmul)
/opt/CodeSourcery/Sourcery_CodeBench_Lite_for_ARM_EABI/bin/../lib/gcc/arm-none-eabi/4.7.3/libgcc.a(_arm_fixdfsi.o)
                              IoHwAb_Digital.o (__aeabi_d2iz)
/opt/CodeSourcery/Sourcery_CodeBench_Lite_for_ARM_EABI/bin/../lib/gcc/arm-none-eabi/4.7.3/libgcc.a(_arm_fixunsdfsi.o)
                              UltrasonicSensor.o (__aeabi_d2uiz)
/opt/CodeSourcery/Sourcery_CodeBench_Lite_for_ARM_EABI/bin/../lib/gcc/arm-none-eabi/4.7.3/libgcc.a(_arm_truncdfsf2.o)
                              java.o (__aeabi_d2f)
/opt/CodeSourcery/Sourcery_CodeBench_Lite_for_ARM_EABI/bin/../lib/gcc/arm-none-eabi/4.7.3/libgcc.a(_arm_addsubsf3.o)
                              IoHwAb_Digital.o (__aeabi_ui2f)
/opt/CodeSourcery/Sourcery_CodeBench_Lite_for_ARM_EABI/bin/../lib/gcc/arm-none-eabi/4.7.3/libgcc.a(_arm_muldivsf3.o)
                              java.o (__aeabi_fmul)
/opt/CodeSourcery/Sourcery_CodeBench_Lite_for_ARM_EABI/bin/../lib/gcc/arm-none-eabi/4.7.3/libgcc.a(_arm_fixsfsi.o)
                              java.o (__aeabi_f2iz)
/opt/CodeSourcery/Sourcery_CodeBench_Lite_for_ARM_EABI/bin/../lib/gcc/arm-none-eabi/4.7.3/libgcc.a(_arm_fixunssfsi.o)
                              IoHwAb_Digital.o (__aeabi_f2uiz)
/opt/CodeSourcery/Sourcery_CodeBench_Lite_for_ARM_EABI/bin/../lib/gcc/arm-none-eabi/4.7.3/../../../../arm-none-eabi/lib/libc.a(lib_a-abort.o)
                              system_hooks.o (abort)
/opt/CodeSourcery/Sourcery_CodeBench_Lite_for_ARM_EABI/bin/../lib/gcc/arm-none-eabi/4.7.3/../../../../arm-none-eabi/lib/libc.a(lib_a-fileno.o)
                              printf.o (fileno)
/opt/CodeSourcery/Sourcery_CodeBench_Lite_for_ARM_EABI/bin/../lib/gcc/arm-none-eabi/4.7.3/../../../../arm-none-eabi/lib/libc.a(lib_a-findfp.o)
                              /opt/CodeSourcery/Sourcery_CodeBench_Lite_for_ARM_EABI/bin/../lib/gcc/arm-none-eabi/4.7.3/../../../../arm-none-eabi/lib/libc.a(lib_a-fileno.o) (__sinit)
/opt/CodeSourcery/Sourcery_CodeBench_Lite_for_ARM_EABI/bin/../lib/gcc/arm-none-eabi/4.7.3/../../../../arm-none-eabi/lib/libc.a(lib_a-fopen.o)
                              ramlog.o (fopen)
/opt/CodeSourcery/Sourcery_CodeBench_Lite_for_ARM_EABI/bin/../lib/gcc/arm-none-eabi/4.7.3/../../../../arm-none-eabi/lib/libc.a(lib_a-fseek.o)
                              /opt/CodeSourcery/Sourcery_CodeBench_Lite_for_ARM_EABI/bin/../lib/gcc/arm-none-eabi/4.7.3/../../../../arm-none-eabi/lib/libc.a(lib_a-fopen.o) (_fseek_r)
/opt/CodeSourcery/Sourcery_CodeBench_Lite_for_ARM_EABI/bin/../lib/gcc/arm-none-eabi/4.7.3/../../../../arm-none-eabi/lib/libc.a(lib_a-fstatr.o)
                              /opt/CodeSourcery/Sourcery_CodeBench_Lite_for_ARM_EABI/bin/../lib/gcc/arm-none-eabi/4.7.3/../../../../arm-none-eabi/lib/libc.a(lib_a-fseek.o) (_fstat_r)
/opt/CodeSourcery/Sourcery_CodeBench_Lite_for_ARM_EABI/bin/../lib/gcc/arm-none-eabi/4.7.3/../../../../arm-none-eabi/lib/libc.a(lib_a-fwalk.o)
                              /opt/CodeSourcery/Sourcery_CodeBench_Lite_for_ARM_EABI/bin/../lib/gcc/arm-none-eabi/4.7.3/../../../../arm-none-eabi/lib/libc.a(lib_a-findfp.o) (_fwalk)
/opt/CodeSourcery/Sourcery_CodeBench_Lite_for_ARM_EABI/bin/../lib/gcc/arm-none-eabi/4.7.3/../../../../arm-none-eabi/lib/libc.a(lib_a-impure.o)
                              /opt/CodeSourcery/Sourcery_CodeBench_Lite_for_ARM_EABI/bin/../lib/gcc/arm-none-eabi/4.7.3/../../../../arm-none-eabi/lib/libc.a(lib_a-findfp.o) (_global_impure_ptr)
/opt/CodeSourcery/Sourcery_CodeBench_Lite_for_ARM_EABI/bin/../lib/gcc/arm-none-eabi/4.7.3/../../../../arm-none-eabi/lib/libc.a(lib_a-makebuf.o)
                              /opt/CodeSourcery/Sourcery_CodeBench_Lite_for_ARM_EABI/bin/../lib/gcc/arm-none-eabi/4.7.3/../../../../arm-none-eabi/lib/libc.a(lib_a-fseek.o) (__smakebuf_r)
/opt/CodeSourcery/Sourcery_CodeBench_Lite_for_ARM_EABI/bin/../lib/gcc/arm-none-eabi/4.7.3/../../../../arm-none-eabi/lib/libc.a(lib_a-malloc.o)
                              cirq_buffer.o (malloc)
[...]
Memory Configuration

Name             Origin             Length             Attributes
ram              0x00008000         0x1f3fffe0
*default*        0x00000000         0xffffffff

Linker script and memory map

                0x00000004                __und_stack_size__ = 0x4
                0x00000004                __abt_stack_size__ = 0x4
                0x00000010                __fiq_stack_size__ = 0x10
                0x00002000                __irq_stack_size__ = 0x2000
                0x00000004                __svc_stack_size__ = 0x4
                0x0000a000                __sys_stack_size__ = 0xa000
                0x0000c01c                __stacks_total_size__ = (((((__und_stack_size__ + __abt_stack_size__) + __fiq_stack_size__) + __irq_stack_size__) + __svc_stack_size__) + __sys_stack_size__)
                0x00008000                __ram_start__ = ORIGIN (ram)
                0x1f3fffe0                __ram_size__ = 0x1f3fffe0
                0x1f407fe0                __ram_end__ = (__ram_start__ + __ram_size__)
                0x00008000                . = 0x8000

.text           0x00008000    0x205b4
                0x00008000                _text = .
 *(.init)
 .init          0x00008000      0x108 crt0.o
                0x00008000                _start
                0x00008040                ResetHandler
                0x000080e4                UndHandler
                0x000080e4                PrefetchHandler
                0x000080e4                AbortHandler
                0x000080e4                _unhandled_exception
                0x000080e4                SwiHandler
                0x000080e4                FiqHandler
 *(.text)
 *fill*         0x00008108        0x8 
 .text          0x00008110        0x0 Rte.o
 .text          0x00008110        0x0 Rte_Main.o
 .text          0x00008110        0x0 Rte_Calprms.o
 .text          0x00008110        0x0 Rte_Internal.o
 .text          0x00008110        0x0 Rte_Callbacks.o
 .text          0x00008110        0x0 Rte_AdcSWC.o
 .text          0x00008110        0x0 Rte_FrontWheelSWC.o
 .text          0x00008110        0x0 Rte_IoHwAb.o
 .text          0x00008110        0x0 Rte_LedSWC.o
 .text          0x00008110        0x0 Rte_MotorSWC.o
 .text          0x00008110        0x0 Rte_PirteSWC.o
 .text          0x00008110        0x0 Rte_RearWheelSWC.o
 .text          0x00008110        0x0 Rte_ServoSWC.o
 .text          0x00008110        0x0 /home/avenir/Documents/dev/eclipse_ws/moped/src/core/boards/Raspberry_Pi/config/simple_stdio.o
 .text          0x00008110        0x0 Actuator_Led.o
 .text          0x00008110        0x0 Actuator_MotorSpeed.o
 .text          0x00008110        0x0 Actuator_ServoDirection.o
 .text          0x00008110        0x0 IoHwAb.o
 .text          0x00008110        0x0 java.o
 .text          0x00008110        0x0 main.o
 .text          0x00008110        0x0 Sensor_Adc.o
 .text          0x00008110        0x0 Sensor_FrontWheel.o
 .text          0x00008110        0x0 Sensor_RearWheel.o
 .text          0x00008110        0x0 system_hooks.o
 .text          0x00008110        0x0 vcu_platform.o
 .text          0x00008110        0x0 crt0.o
 .text          0x00008110        0x0 led.o
 .text          0x00008110        0x0 bcm2835.o
 .text          0x00008110        0x0 Uart.o
 .text          0x00008110        0x0 SpeedSensor.o
 .text          0x00008110        0x0 Mcp3008.o
 .text          0x00008110        0x0 UltrasonicSensor.o
 .text          0x00008110        0x0 Os_Cfg.o
 .text          0x00008110        0x0 EcuM.o
 .text          0x00008110        0x0 EcuM_Fixed.o
 .text          0x00008110        0x0 EcuM_Main.o
 .text          0x00008110        0x0 EcuM_PBcfg.o
 .text          0x00008110        0x0 EcuM_PBHeader.o
 .text          0x00008110        0x0 EcuM_Callout_Stubs.o
 .text          0x00008110        0x0 Dma.o
 .text          0x00008110        0x0 Dma_Cfg.o
 .text          0x00008110        0x0 Mcu.o
 .text          0x00008110        0x0 Mcu_Cfg.o
 .text          0x00008110        0x0 Can.o
 .text          0x00008110        0x0 CanIf.o
 .text          0x00008110        0x0 CanIf_Cfg.o
 .text          0x00008110        0x0 CanIf_PBCfg.o
 .text          0x00008110        0x0 Dio.o
 .text          0x00008110        0x0 Dio_Lcfg.o
 .text          0x00008110        0x0 Port.o
 .text          0x00008110        0x0 Port_Cfg.o
 .text          0x00008110       0xd8 arch_krn.o
                0x00008110                IrqHandler
                0x00008160                Os_ArchSetSpAndCall
                0x0000816c                Os_ArchSwapContext
                0x00008184                Os_ArchSwapContextTo
                0x000081c4                dmb
                0x000081d0                disable
                0x000081dc                restore
 *fill*         0x000081e8        0x8 
 .text          0x000081f0        0x0 event.o
 .text          0x000081f0        0x0 os_init.o
 .text          0x000081f0        0x0 arch.o
 .text          0x000081f0        0x0 task.o
 .text          0x000081f0        0x0 resource.o
 .text          0x000081f0        0x0 alarm.o
 .text          0x000081f0        0x0 sched_table.o
 .text          0x000081f0        0x0 counter.o
 .text          0x000081f0        0x0 sys_tick.o
 .text          0x000081f0        0x0 isr.o
 .text          0x000081f0        0x0 os_arctest.o
 .text          0x000081f0        0x0 application.o
 .text          0x000081f0        0x0 irq.o
 .text          0x000081f0        0x0 Spi.o
 .text          0x000081f0        0x0 Spi_Lcfg.o
 .text          0x000081f0        0x0 Pwm_Cfg.o
 .text          0x000081f0        0x0 Det.o
 .text          0x000081f0        0x0 Det_Cfg.o
 .text          0x000081f0        0x0 Com_Cfg.o
 .text          0x000081f0        0x0 Com_PbCfg.o
 .text          0x000081f0        0x0 Com_Com.o
 .text          0x000081f0        0x0 Com_Sched.o
 .text          0x000081f0        0x0 Com.o
 .text          0x000081f0        0x0 Com_misc.o
 .text          0x000081f0        0x0 PduR_CanNm.o
 .text          0x000081f0        0x0 PduR_Com.o
 .text          0x000081f0        0x0 PduR_Logic.o
 .text          0x000081f0        0x0 PduR_LinIf.o
 .text          0x000081f0        0x0 PduR_PbCfg.o
 .text          0x000081f0        0x0 PduR_Cfg.o
 .text          0x000081f0        0x0 PduR_CanIf.o
 .text          0x000081f0        0x0 PduR_CanTp.o
 .text          0x000081f0        0x0 PduR_J1939Tp.o
 .text          0x000081f0        0x0 PduR_IpduM.o
 .text          0x000081f0        0x0 PduR_Dcm.o
 .text          0x000081f0        0x0 PduR_SoAd.o
 .text          0x000081f0        0x0 PduR_Routing.o
 .text          0x000081f0        0x0 PduR.o
 .text          0x000081f0        0x0 IoHwAb_Digital.o
 .text          0x000081f0        0x0 IoHwAb_Analog.o
 .text          0x000081f0        0x0 IoHwAb_Pwm.o
 .text          0x000081f0        0x0 ramlog.o
 .text          0x000081f0        0x0 cirq_buffer.o
 .text          0x000081f0        0x0 clib_port.o
 .text          0x000081f0        0x0 clib.o
 .text          0x000081f0        0x0 printf.o
 .text          0x000081f0        0x0 xtoa.o
 .text          0x000081f0        0x0 Can_PBcfg.o
 .text          0x000081f0        0x0 Pwm.o
 .text          0x000081f0      0x114 /opt/CodeSourcery/Sourcery_CodeBench_Lite_for_ARM_EABI/bin/../lib/gcc/arm-none-eabi/4.7.3/libgcc.a(_udivsi3.o)
                0x000081f0                __udivsi3
                0x000081f0                __aeabi_uidiv
                0x000082e4                __aeabi_uidivmod
 *fill*         0x00008304        0xc 
 .text          0x00008310      0x148 /opt/CodeSourcery/Sourcery_CodeBench_Lite_for_ARM_EABI/bin/../lib/gcc/arm-none-eabi/4.7.3/libgcc.a(_divsi3.o)
                0x00008310                __aeabi_idiv
                0x00008310                __divsi3
                0x00008438                __aeabi_idivmod
 *fill*         0x00008458        0x8 
 .text          0x00008460        0x4 /opt/CodeSourcery/Sourcery_CodeBench_Lite_for_ARM_EABI/bin/../lib/gcc/arm-none-eabi/4.7.3/libgcc.a(_dvmd_tls.o)
                0x00008460                __aeabi_ldiv0
                0x00008460                __aeabi_idiv0
 *fill*         0x00008464        0xc 
 .text          0x00008470      0x41c /opt/CodeSourcery/Sourcery_CodeBench_Lite_for_ARM_EABI/bin/../lib/gcc/arm-none-eabi/4.7.3/libgcc.a(_arm_addsubdf3.o)
                0x00008470                __aeabi_drsub
                0x00008478                __aeabi_dsub
                0x00008478                __subdf3
                0x0000847c                __adddf3
                0x0000847c                __aeabi_dadd
                0x0000878c                __aeabi_ui2d
                0x0000878c                __floatunsidf
                0x000087b0                __floatsidf
                0x000087b0                __aeabi_i2d
                0x000087d8                __extendsfdf2
                0x000087d8                __aeabi_f2d
                0x00008818                __aeabi_ul2d
                0x00008818                __floatundidf
                0x0000882c                __floatdidf
                0x0000882c                __aeabi_l2d
 *fill*         0x0000888c        0x4 
 .text          0x00008890      0x49c /opt/CodeSourcery/Sourcery_CodeBench_Lite_for_ARM_EABI/bin/../lib/gcc/arm-none-eabi/4.7.3/libgcc.a(_arm_muldivdf3.o)
                0x00008890                __aeabi_dmul
                0x00008890                __muldf3
                0x00008b20                __aeabi_ddiv
                0x00008b20                __divdf3
 *fill*         0x00008d2c        0x4 
 .text          0x00008d30       0x5c /opt/CodeSourcery/Sourcery_CodeBench_Lite_for_ARM_EABI/bin/../lib/gcc/arm-none-eabi/4.7.3/libgcc.a(_arm_fixdfsi.o)
                0x00008d30                __fixdfsi
                0x00008d30                __aeabi_d2iz
 *fill*         0x00008d8c        0x4 
 .text          0x00008d90       0x54 /opt/CodeSourcery/Sourcery_CodeBench_Lite_for_ARM_EABI/bin/../lib/gcc/arm-none-eabi/4.7.3/libgcc.a(_arm_fixunsdfsi.o)
                0x00008d90                __fixunsdfsi
                0x00008d90                __aeabi_d2uiz
 *fill*         0x00008de4        0xc 
 .text          0x00008df0       0xa0 /opt/CodeSourcery/Sourcery_CodeBench_Lite_for_ARM_EABI/bin/../lib/gcc/arm-none-eabi/4.7.3/libgcc.a(_arm_truncdfsf2.o)
                0x00008df0                __aeabi_d2f
                0x00008df0                __truncdfsf2
 .text          0x00008e90      0x2ac /opt/CodeSourcery/Sourcery_CodeBench_Lite_for_ARM_EABI/bin/../lib/gcc/arm-none-eabi/4.7.3/libgcc.a(_arm_addsubsf3.o)
                0x00008e90                __aeabi_frsub
                0x00008e98                __subsf3
                0x00008e98                __aeabi_fsub
                0x00008e9c                __aeabi_fadd
                0x00008e9c                __addsf3
                0x00009058                __aeabi_ui2f
                0x00009058                __floatunsisf
                0x00009060                __aeabi_i2f
                0x00009060                __floatsisf
                0x00009080                __floatundisf
                0x00009080                __aeabi_ul2f
                0x00009090                __floatdisf
                0x00009090                __aeabi_l2f
 *fill*         0x0000913c        0x4 
 .text          0x00009140      0x2f8 /opt/CodeSourcery/Sourcery_CodeBench_Lite_for_ARM_EABI/bin/../lib/gcc/arm-none-eabi/4.7.3/libgcc.a(_arm_muldivsf3.o)
                0x00009140                __mulsf3
                0x00009140                __aeabi_fmul
                0x000092d8                __divsf3
                0x000092d8                __aeabi_fdiv
 *fill*         0x00009438        0x8 
 .text          0x00009440       0x5c /opt/CodeSourcery/Sourcery_CodeBench_Lite_for_ARM_EABI/bin/../lib/gcc/arm-none-eabi/4.7.3/libgcc.a(_arm_fixsfsi.o)
                0x00009440                __fixsfsi
                0x00009440                __aeabi_f2iz
 *fill*         0x0000949c        0x4 
 .text          0x000094a0       0x54 /opt/CodeSourcery/Sourcery_CodeBench_Lite_for_ARM_EABI/bin/../lib/gcc/arm-none-eabi/4.7.3/libgcc.a(_arm_fixunssfsi.o)
                0x000094a0                __aeabi_f2uiz
                0x000094a0                __fixunssfsi
 *fill*         0x000094f4        0xc 
 .text          0x00009500       0x14 /opt/CodeSourcery/Sourcery_CodeBench_Lite_for_ARM_EABI/bin/../lib/gcc/arm-none-eabi/4.7.3/../../../../arm-none-eabi/lib/libc.a(lib_a-abort.o)
                0x00009500                abort
 *fill*         0x00009514        0xc 
 .text          0x00009520       0x38 /opt/CodeSourcery/Sourcery_CodeBench_Lite_for_ARM_EABI/bin/../lib/gcc/arm-none-eabi/4.7.3/../../../../arm-none-eabi/lib/libc.a(lib_a-fileno.o)
                0x00009520                fileno
 *fill*         0x00009558        0x8 
 .text          0x00009560      0x2c4 /opt/CodeSourcery/Sourcery_CodeBench_Lite_for_ARM_EABI/bin/../lib/gcc/arm-none-eabi/4.7.3/../../../../arm-none-eabi/lib/libc.a(lib_a-findfp.o)
                0x00009570                _cleanup_r
                0x00009604                __sfmoreglue
                0x0000964c                _cleanup
                0x0000965c                __sinit
                0x000096d4                __sfp
                0x000097cc                __sfp_lock_acquire
                0x000097d0                __sfp_lock_release
                0x000097d4                __sinit_lock_acquire
                0x000097d8                __sinit_lock_release
                0x000097dc                __fp_lock_all
                0x00009800                __fp_unlock_all
 *fill*         0x00009824        0xc 
 .text          0x00009830       0xfc /opt/CodeSourcery/Sourcery_CodeBench_Lite_for_ARM_EABI/bin/../lib/gcc/arm-none-eabi/4.7.3/../../../../arm-none-eabi/lib/libc.a(lib_a-fopen.o)
                0x00009830                _fopen_r
                0x00009910                fopen
 *fill*         0x0000992c        0x4 
 .text          0x00009930      0x4b0 /opt/CodeSourcery/Sourcery_CodeBench_Lite_for_ARM_EABI/bin/../lib/gcc/arm-none-eabi/4.7.3/../../../../arm-none-eabi/lib/libc.a(lib_a-fseek.o)
                0x00009930                _fseek_r
                0x00009db4                fseek
 .text          0x00009de0       0x40 /opt/CodeSourcery/Sourcery_CodeBench_Lite_for_ARM_EABI/bin/../lib/gcc/arm-none-eabi/4.7.3/../../../../arm-none-eabi/lib/libc.a(lib_a-fstatr.o)
                0x00009de0                _fstat_r
 .text          0x00009e20      0x114 /opt/CodeSourcery/Sourcery_CodeBench_Lite_for_ARM_EABI/bin/../lib/gcc/arm-none-eabi/4.7.3/../../../../arm-none-eabi/lib/libc.a(lib_a-fwalk.o)
                0x00009e20                _fwalk
                0x00009ea8                _fwalk_reent
 *fill*         0x00009f34        0xc 
 .text          0x00009f40        0x0 /opt/CodeSourcery/Sourcery_CodeBench_Lite_for_ARM_EABI/bin/../lib/gcc/arm-none-eabi/4.7.3/../../../../arm-none-eabi/lib/libc.a(lib_a-impure.o)
 .text          0x00009f40      0x15c /opt/CodeSourcery/Sourcery_CodeBench_Lite_for_ARM_EABI/bin/../lib/gcc/arm-none-eabi/4.7.3/../../../../arm-none-eabi/lib/libc.a(lib_a-makebuf.o)
                0x00009f40                __smakebuf_r
 *fill*         0x0000a09c        0x4 
 .text          0x0000a0a0       0x40 /opt/CodeSourcery/Sourcery_CodeBench_Lite_for_ARM_EABI/bin/../lib/gcc/arm-none-eabi/4.7.3/../../../../arm-none-eabi/lib/libc.a(lib_a-malloc.o)
                0x0000a0a0                malloc
                0x0000a0c0                free
 .text          0x0000a0e0      0x71c /opt/CodeSourcery/Sourcery_CodeBench_Lite_for_ARM_EABI/bin/../lib/gcc/arm-none-eabi/4.7.3/../../../../arm-none-eabi/lib/libc.a(lib_a-mallocr.o)
                0x0000a0e0                _malloc_r
 *fill*         0x0000a7fc        0x4 
 .text          0x0000a800       0xb4 /opt/CodeSourcery/Sourcery_CodeBench_Lite_for_ARM_EABI/bin/../lib/gcc/arm-none-eabi/4.7.3/../../../../arm-none-eabi/lib/libc.a(lib_a-memcmp.o)
                0x0000a800                memcmp
 *fill*         0x0000a8b4        0xc 
 .text          0x0000a8c0      0x20c /opt/CodeSourcery/Sourcery_CodeBench_Lite_for_ARM_EABI/bin/../lib/gcc/arm-none-eabi/4.7.3/../../../../arm-none-eabi/lib/libc.a(lib_a-memcpy.o)
                0x0000a8c0                memcpy
 *fill*         0x0000aacc        0x4 
 .text          0x0000aad0      0x134 /opt/CodeSourcery/Sourcery_CodeBench_Lite_for_ARM_EABI/bin/../lib/gcc/arm-none-eabi/4.7.3/../../../../arm-none-eabi/lib/libc.a(lib_a-memset.o)
                0x0000aad0                memset
 *fill*         0x0000ac04        0xc 
 .text          0x0000ac10        0x8 /opt/CodeSourcery/Sourcery_CodeBench_Lite_for_ARM_EABI/bin/../lib/gcc/arm-none-eabi/4.7.3/../../../../arm-none-eabi/lib/libc.a(lib_a-mlock.o)
                0x0000ac10                __malloc_lock
                0x0000ac14                __malloc_unlock
 *fill*         0x0000ac18        0x8 
 .text          0x0000ac20       0x44 /opt/CodeSourcery/Sourcery_CodeBench_Lite_for_ARM_EABI/bin/../lib/gcc/arm-none-eabi/4.7.3/../../../../arm-none-eabi/lib/libc.a(lib_a-openr.o)
                0x0000ac20                _open_r
 *fill*         0x0000ac64        0xc 
 .text          0x0000ac70      0x19c /opt/CodeSourcery/Sourcery_CodeBench_Lite_for_ARM_EABI/bin/../lib/gcc/arm-none-eabi/4.7.3/../../../../arm-none-eabi/lib/libc.a(lib_a-reent.o)
                0x0000ac70                cleanup_glue
                0x0000ac9c                _reclaim_reent
                0x0000ad98                _wrapup_reent
 *fill*         0x0000ae0c        0x4 
 .text          0x0000ae10      0x1cc /opt/CodeSourcery/Sourcery_CodeBench_Lite_for_ARM_EABI/bin/../lib/gcc/arm-none-eabi/4.7.3/../../../../arm-none-eabi/lib/libc.a(lib_a-refill.o)
                0x0000ae38                __srefill_r
 *fill*         0x0000afdc        0x4 
 .text          0x0000afe0       0x40 /opt/CodeSourcery/Sourcery_CodeBench_Lite_for_ARM_EABI/bin/../lib/gcc/arm-none-eabi/4.7.3/../../../../arm-none-eabi/lib/libc.a(lib_a-sbrkr.o)
                0x0000afe0                _sbrk_r
 .text          0x0000b020      0x24c /opt/CodeSourcery/Sourcery_CodeBench_Lite_for_ARM_EABI/bin/../lib/gcc/arm-none-eabi/4.7.3/../../../../arm-none-eabi/lib/libc.a(lib_a-signal.o)
                0x0000b020                _init_signal_r
                0x0000b080                _signal_r
                0x0000b0ec                _raise_r
                0x0000b184                __sigtramp_r
                0x0000b218                raise
                0x0000b22c                signal
                0x0000b248                _init_signal
                0x0000b258                __sigtramp
 *fill*         0x0000b26c        0x4 
 .text          0x0000b270       0x50 /opt/CodeSourcery/Sourcery_CodeBench_Lite_for_ARM_EABI/bin/../lib/gcc/arm-none-eabi/4.7.3/../../../../arm-none-eabi/lib/libc.a(lib_a-signalr.o)
                0x0000b270                _kill_r
                0x0000b2b0                _getpid_r
 .text          0x0000b2c0       0xdc /opt/CodeSourcery/Sourcery_CodeBench_Lite_for_ARM_EABI/bin/../lib/gcc/arm-none-eabi/4.7.3/../../../../arm-none-eabi/lib/libc.a(lib_a-stdio.o)
                0x0000b2c0                __sread
                0x0000b2f4                __seofread
                0x0000b2fc                __swrite
                0x0000b354                __sseek
                0x0000b388                __sclose
 *fill*         0x0000b39c        0x4 
 .text          0x0000b3a0      0x230 /opt/CodeSourcery/Sourcery_CodeBench_Lite_for_ARM_EABI/bin/../lib/gcc/arm-none-eabi/4.7.3/../../../../arm-none-eabi/lib/libc.a(lib_a-strcmp.o)
                0x0000b3a0                strcmp
 .text          0x0000b5d0       0xf0 /opt/CodeSourcery/Sourcery_CodeBench_Lite_for_ARM_EABI/bin/../lib/gcc/arm-none-eabi/4.7.3/../../../../arm-none-eabi/lib/libc.a(lib_a-strcpy.o)
                0x0000b5d0                strcpy
 .text          0x0000b6c0       0x60 /opt/CodeSourcery/Sourcery_CodeBench_Lite_for_ARM_EABI/bin/../lib/gcc/arm-none-eabi/4.7.3/../../../../arm-none-eabi/lib/libc.a(lib_a-strlen.o)
                0x0000b6c0                strlen
 .text          0x0000b720       0xc8 /opt/CodeSourcery/Sourcery_CodeBench_Lite_for_ARM_EABI/bin/../lib/gcc/arm-none-eabi/4.7.3/../../../../arm-none-eabi/lib/libc.a(lib_a-strncpy.o)
                0x0000b720                strncpy
 *fill*         0x0000b7e8        0x8 
 .text          0x0000b7f0      0x20c /opt/CodeSourcery/Sourcery_CodeBench_Lite_for_ARM_EABI/bin/../lib/gcc/arm-none-eabi/4.7.3/../../../../arm-none-eabi/lib/libc.a(lib_a-strtoul.o)
                0x0000b7f0                _strtoul_r
                0x0000b9d0                strtoul
 *fill*         0x0000b9fc        0x4 
 .text          0x0000ba00       0x30 /opt/CodeSourcery/Sourcery_CodeBench_Lite_for_ARM_EABI/bin/../lib/gcc/arm-none-eabi/4.7.3/../../../../arm-none-eabi/lib/libc.a(lib_a-sysread.o)
                0x0000ba00                read
 .text          0x0000ba30       0x30 /opt/CodeSourcery/Sourcery_CodeBench_Lite_for_ARM_EABI/bin/../lib/gcc/arm-none-eabi/4.7.3/../../../../arm-none-eabi/lib/libc.a(lib_a-syswrite.o)
                0x0000ba30                write
 .text          0x0000ba60       0x44 /opt/CodeSourcery/Sourcery_CodeBench_Lite_for_ARM_EABI/bin/../lib/gcc/arm-none-eabi/4.7.3/../../../../arm-none-eabi/lib/libc.a(lib_a-writer.o)
                0x0000ba60                _write_r
 *fill*         0x0000baa4        0xc 
 .text          0x0000bab0       0x3c /opt/CodeSourcery/Sourcery_CodeBench_Lite_for_ARM_EABI/bin/../lib/gcc/arm-none-eabi/4.7.3/../../../../arm-none-eabi/lib/libc.a(lib_a-closer.o)
                0x0000bab0                _close_r
 *fill*         0x0000baec        0x4 
 .text          0x0000baf0        0x0 /opt/CodeSourcery/Sourcery_CodeBench_Lite_for_ARM_EABI/bin/../lib/gcc/arm-none-eabi/4.7.3/../../../../arm-none-eabi/lib/libc.a(lib_a-ctype_.o)
 .text          0x0000baf0      0x10c /opt/CodeSourcery/Sourcery_CodeBench_Lite_for_ARM_EABI/bin/../lib/gcc/arm-none-eabi/4.7.3/../../../../arm-none-eabi/lib/libc.a(lib_a-fclose.o)
                0x0000baf0                _fclose_r
                0x0000bbe8                fclose
 *fill*         0x0000bbfc        0x4 
 .text          0x0000bc00      0x26c /opt/CodeSourcery/Sourcery_CodeBench_Lite_for_ARM_EABI/bin/../lib/gcc/arm-none-eabi/4.7.3/../../../../arm-none-eabi/lib/libc.a(lib_a-fflush.o)
                0x0000bc00                _fflush_r
                0x0000be2c                fflush
 *fill*         0x0000be6c        0x4 
 .text          0x0000be70       0xc0 /opt/CodeSourcery/Sourcery_CodeBench_Lite_for_ARM_EABI/bin/../lib/gcc/arm-none-eabi/4.7.3/../../../../arm-none-eabi/lib/libc.a(lib_a-flags.o)
                0x0000be70                __sflags
 .text          0x0000bf30      0x368 /opt/CodeSourcery/Sourcery_CodeBench_Lite_for_ARM_EABI/bin/../lib/gcc/arm-none-eabi/4.7.3/../../../../arm-none-eabi/lib/libc.a(lib_a-freer.o)
                0x0000bf30                _malloc_trim_r
                0x0000c02c                _free_r
 *fill*         0x0000c298        0x8 
 .text          0x0000c2a0       0x3c /opt/CodeSourcery/Sourcery_CodeBench_Lite_for_ARM_EABI/bin/../lib/gcc/arm-none-eabi/4.7.3/../../../../arm-none-eabi/lib/libc.a(lib_a-isattyr.o)
                0x0000c2a0                _isatty_r
 *fill*         0x0000c2dc        0x4 
 .text          0x0000c2e0       0x44 /opt/CodeSourcery/Sourcery_CodeBench_Lite_for_ARM_EABI/bin/../lib/gcc/arm-none-eabi/4.7.3/../../../../arm-none-eabi/lib/libc.a(lib_a-lseekr.o)
                0x0000c2e0                _lseek_r
 *fill*         0x0000c324        0xc 
 .text          0x0000c330       0x44 /opt/CodeSourcery/Sourcery_CodeBench_Lite_for_ARM_EABI/bin/../lib/gcc/arm-none-eabi/4.7.3/../../../../arm-none-eabi/lib/libc.a(lib_a-readr.o)
                0x0000c330                _read_r
 *(.text.*)
 *fill*         0x0000c374        0xc 
 .text.SensorTask
                0x0000c380       0x70 Rte.o
                0x0000c380                SensorTask
 .text.ActuatorTask
                0x0000c3f0       0xb8 Rte.o
                0x0000c3f0                ActuatorTask
 *fill*         0x0000c4a8        0x8 
 .text.RteTask  0x0000c4b0      0x1a8 Rte.o
                0x0000c4b0                RteTask
 *fill*         0x0000c658        0x8 
 .text.Rte_Start
                0x0000c660       0x2c Rte_Main.o
                0x0000c660                Rte_Start
 *fill*         0x0000c68c        0x4 
 .text.Rte_Stop
                0x0000c690       0x2c Rte_Main.o
                0x0000c690                Rte_Stop
 *fill*         0x0000c6bc        0x4 
 .text._Irq_Save
                0x0000c6c0       0x24 Rte_Internal.o
 *fill*         0x0000c6e4        0xc 
 .text._Irq_Restore
                0x0000c6f0       0x20 Rte_Internal.o
 .text.Rte_DataReceived_LedSWC_LedSWCProto_LedSwcReadDataFromPirteSwcPort1_dataInt32
                0x0000c710       0x18 Rte_Internal.o
 *fill*         0x0000c728        0x8 
 .text.Rte_DataReceived_MotorSWC_MotorSWCProto_MotorSwcReadDataFromPirteSwcPort1_dataInt32
                0x0000c730       0x18 Rte_Internal.o
 *fill*         0x0000c748        0x8 
 .text.Rte_DataReceived_PirteSWC_PirteSWCProto_PirteSwcReadDataFromAdcSwcPort5_dataInt32
                0x0000c750       0x18 Rte_Internal.o
 *fill*         0x0000c768        0x8 
 .text.Rte_DataReceived_PirteSWC_PirteSWCProto_PirteSwcReadDataFromFrontWheelSwcPort6_dataInt32
                0x0000c770       0x18 Rte_Internal.o
 *fill*         0x0000c788        0x8 
 .text.Rte_DataReceived_PirteSWC_PirteSWCProto_PirteSwcReadDataFromRearWheelSwcPort7_dataInt32
                0x0000c790       0x18 Rte_Internal.o
 *fill*         0x0000c7a8        0x8 
 .text.Rte_DataReceived_ServoSWC_ServoSWCProto_ServoSwcReadDataFromPirteSwcPort1_dataInt32
                0x0000c7b0       0x18 Rte_Internal.o
 *fill*         0x0000c7c8        0x8 
 .text.Rte_Call_AdcSWC_AdcSWCProto_AdcSwcReadDataFromAdcDriverPort2_Read
                0x0000c7d0       0x28 Rte_Internal.o
                0x0000c7d0                Rte_Call_AdcSWC_AdcSWCProto_AdcSwcReadDataFromAdcDriverPort2_Read
 *fill*         0x0000c7f8        0x8 
 .text.Rte_Write_AdcSWC_AdcSWCProto_AdcSwcWriteDataToPirteSwcPort1_dataInt32
                0x0000c800       0x44 Rte_Internal.o
                0x0000c800                Rte_Write_AdcSWC_AdcSWCProto_AdcSwcWriteDataToPirteSwcPort1_dataInt32
 *fill*         0x0000c844        0xc 
 .text.Rte_Call_FrontWheelSWC_FrontWheelSWCProto_FrontWheelSwcReadDataFromWheelSensorPort2_Read
                0x0000c850       0x28 Rte_Internal.o
                0x0000c850                Rte_Call_FrontWheelSWC_FrontWheelSWCProto_FrontWheelSwcReadDataFromWheelSensorPort2_Read
 *fill*         0x0000c878        0x8 
 .text.Rte_Write_FrontWheelSWC_FrontWheelSWCProto_FrontWheelSwcWriteDataToPirteSwcPort1_dataInt32
                0x0000c880       0x44 Rte_Internal.o
                0x0000c880                Rte_Write_FrontWheelSWC_FrontWheelSWCProto_FrontWheelSwcWriteDataToPirteSwcPort1_dataInt32
 *fill*         0x0000c8c4        0xc 
 .text.Rte_Call_IoHwAb_IoHwAbProto_IoHwReadAdcDataPort1_Read
                0x0000c8d0       0x2c Rte_Internal.o
                0x0000c8d0                Rte_Call_IoHwAb_IoHwAbProto_IoHwReadAdcDataPort1_Read
 *fill*         0x0000c8fc        0x4 
 .text.Rte_Call_IoHwAb_IoHwAbProto_IoHwReadFrontWheelDataPort2_Read
                0x0000c900       0x2c Rte_Internal.o
                0x0000c900                Rte_Call_IoHwAb_IoHwAbProto_IoHwReadFrontWheelDataPort2_Read
 *fill*         0x0000c92c        0x4 
 .text.Rte_Call_IoHwAb_IoHwAbProto_IoHwReadRearWheelDataPort3_Read
                0x0000c930       0x2c Rte_Internal.o
                0x0000c930                Rte_Call_IoHwAb_IoHwAbProto_IoHwReadRearWheelDataPort3_Read
 *fill*         0x0000c95c        0x4 
 .text.Rte_Call_IoHwAb_IoHwAbProto_IoHwWriteLedDataPort4_PinOpt
                0x0000c960       0x38 Rte_Internal.o
                0x0000c960                Rte_Call_IoHwAb_IoHwAbProto_IoHwWriteLedDataPort4_PinOpt
 *fill*         0x0000c998        0x8 
 .text.Rte_Call_IoHwAb_IoHwAbProto_IoHwWriteServoDutyCyclePort6_Write
                0x0000c9a0       0x2c Rte_Internal.o
                0x0000c9a0                Rte_Call_IoHwAb_IoHwAbProto_IoHwWriteServoDutyCyclePort6_Write
 *fill*         0x0000c9cc        0x4 
 .text.Rte_Call_IoHwAb_IoHwAbProto_IoHwWriteSpeedDutyCyclePort5_Write
                0x0000c9d0       0x2c Rte_Internal.o
                0x0000c9d0                Rte_Call_IoHwAb_IoHwAbProto_IoHwWriteSpeedDutyCyclePort5_Write
 *fill*         0x0000c9fc        0x4 
 .text.Rte_Read_LedSWC_LedSWCProto_LedSwcReadDataFromPirteSwcPort1_dataInt32
                0x0000ca00       0x4c Rte_Internal.o
                0x0000ca00                Rte_Read_LedSWC_LedSWCProto_LedSwcReadDataFromPirteSwcPort1_dataInt32
 *fill*         0x0000ca4c        0x4 
 .text.Rte_Call_LedSWC_LedSWCProto_LedSwcWriteDataToIoHwLedPort2_PinOpt
                0x0000ca50       0x30 Rte_Internal.o
                0x0000ca50                Rte_Call_LedSWC_LedSWCProto_LedSwcWriteDataToIoHwLedPort2_PinOpt
 .text.Rte_Read_MotorSWC_MotorSWCProto_MotorSwcReadDataFromPirteSwcPort1_dataInt32
                0x0000ca80       0x4c Rte_Internal.o
                0x0000ca80                Rte_Read_MotorSWC_MotorSWCProto_MotorSwcReadDataFromPirteSwcPort1_dataInt32
 *fill*         0x0000cacc        0x4 
 .text.Rte_Read_MotorSWC_MotorSWCProto_MotorSwcReadDataFromTCUPort2_SpeedSteer
                0x0000cad0       0x48 Rte_Internal.o
                0x0000cad0                Rte_Read_MotorSWC_MotorSWCProto_MotorSwcReadDataFromTCUPort2_SpeedSteer
 *fill*         0x0000cb18        0x8 
 .text.Rte_Read_MotorSWC_MotorSWCProto_MotorSwcReadDataFromTCUPort2_dataInt32
                0x0000cb20       0x68 Rte_Internal.o
                0x0000cb20                Rte_Read_MotorSWC_MotorSWCProto_MotorSwcReadDataFromTCUPort2_dataInt32
 *fill*         0x0000cb88        0x8 
 .text.Rte_Read_MotorSWC_MotorSWCProto_MotorSwcReadSelectDataFromPirteSwcPort4_dataInt32
                0x0000cb90       0x38 Rte_Internal.o
                0x0000cb90                Rte_Read_MotorSWC_MotorSWCProto_MotorSwcReadSelectDataFromPirteSwcPort4_dataInt32
 *fill*         0x0000cbc8        0x8 
 .text.Rte_Call_MotorSWC_MotorSWCProto_MotorSwcWriteDataToIoHwPwmPort3_Write
                0x0000cbd0       0x28 Rte_Internal.o
                0x0000cbd0                Rte_Call_MotorSWC_MotorSWCProto_MotorSwcWriteDataToIoHwPwmPort3_Write
 *fill*         0x0000cbf8        0x8 
 .text.Rte_Read_PirteSWC_PirteSWCProto_PirteSwcReadCommunicationDataFromTCUPort10_argInt32
                0x0000cc00       0x48 Rte_Internal.o
                0x0000cc00                Rte_Read_PirteSWC_PirteSWCProto_PirteSwcReadCommunicationDataFromTCUPort10_argInt32
 *fill*         0x0000cc48        0x8 
 .text.Rte_Read_PirteSWC_PirteSWCProto_PirteSwcReadCommunicationDataFromTCUPort10_pluginInstallationVCU
                0x0000cc50       0x2c Rte_Internal.o
                0x0000cc50                Rte_Read_PirteSWC_PirteSWCProto_PirteSwcReadCommunicationDataFromTCUPort10_pluginInstallationVCU
 *fill*         0x0000cc7c        0x4 
 .text.Rte_Read_PirteSWC_PirteSWCProto_PirteSwcReadCommunicationDataFromTCUPort10_pluginCommunicationTCUtoVCU
                0x0000cc80       0x48 Rte_Internal.o
                0x0000cc80                Rte_Read_PirteSWC_PirteSWCProto_PirteSwcReadCommunicationDataFromTCUPort10_pluginCommunicationTCUtoVCU
 *fill*         0x0000ccc8        0x8 
 .text.Rte_Read_PirteSWC_PirteSWCProto_PirteSwcReadDataFromAdcSwcPort5_dataInt32
                0x0000ccd0       0x4c Rte_Internal.o
                0x0000ccd0                Rte_Read_PirteSWC_PirteSWCProto_PirteSwcReadDataFromAdcSwcPort5_dataInt32
 *fill*         0x0000cd1c        0x4 
 .text.Rte_Read_PirteSWC_PirteSWCProto_PirteSwcReadDataFromFrontWheelSwcPort6_dataInt32
                0x0000cd20       0x4c Rte_Internal.o
                0x0000cd20                Rte_Read_PirteSWC_PirteSWCProto_PirteSwcReadDataFromFrontWheelSwcPort6_dataInt32
 *fill*         0x0000cd6c        0x4 
 .text.Rte_Read_PirteSWC_PirteSWCProto_PirteSwcReadDataFromRearWheelSwcPort7_dataInt32
                0x0000cd70       0x4c Rte_Internal.o
                0x0000cd70                Rte_Read_PirteSWC_PirteSWCProto_PirteSwcReadDataFromRearWheelSwcPort7_dataInt32
 *fill*         0x0000cdbc        0x4 
 .text.Rte_Read_PirteSWC_PirteSWCProto_PirteSwcReadDataFromSCUPort8_argInt32
                0x0000cdc0       0x48 Rte_Internal.o
                0x0000cdc0                Rte_Read_PirteSWC_PirteSWCProto_PirteSwcReadDataFromSCUPort8_argInt32
 *fill*         0x0000ce08        0x8 
 .text.Rte_Read_PirteSWC_PirteSWCProto_PirteSwcReadDataFromSCUPort8_pluginCommunicationSCUtoVCU
                0x0000ce10       0x48 Rte_Internal.o
                0x0000ce10                Rte_Read_PirteSWC_PirteSWCProto_PirteSwcReadDataFromSCUPort8_pluginCommunicationSCUtoVCU
 *fill*         0x0000ce58        0x8 
 .text.Rte_Read_PirteSWC_PirteSWCProto_PirteSwcReadInstallationDataFromTCUPort1_argInt32
                0x0000ce60       0x48 Rte_Internal.o
                0x0000ce60                Rte_Read_PirteSWC_PirteSWCProto_PirteSwcReadInstallationDataFromTCUPort1_argInt32
 *fill*         0x0000cea8        0x8 
 .text.Rte_Read_PirteSWC_PirteSWCProto_PirteSwcReadInstallationDataFromTCUPort1_pluginInstallationVCU
                0x0000ceb0       0x48 Rte_Internal.o
                0x0000ceb0                Rte_Read_PirteSWC_PirteSWCProto_PirteSwcReadInstallationDataFromTCUPort1_pluginInstallationVCU
 *fill*         0x0000cef8        0x8 
 .text.Rte_Read_PirteSWC_PirteSWCProto_PirteSwcReadInstallationDataFromTCUPort1_pluginCommunicationTCUtoVCU
                0x0000cf00       0x2c Rte_Internal.o
                0x0000cf00                Rte_Read_PirteSWC_PirteSWCProto_PirteSwcReadInstallationDataFromTCUPort1_pluginCommunicationTCUtoVCU
 *fill*         0x0000cf2c        0x4 
 .text.Rte_Read_PirteSWC_PirteSWCProto_PirteSwcReadPositionDataFromTCUPort12_argInt32
                0x0000cf30       0x48 Rte_Internal.o
                0x0000cf30                Rte_Read_PirteSWC_PirteSWCProto_PirteSwcReadPositionDataFromTCUPort12_argInt32
 *fill*         0x0000cf78        0x8 
 .text.Rte_Read_PirteSWC_PirteSWCProto_PirteSwcReadPositionDataFromTCUPort12_PositionData
                0x0000cf80       0x48 Rte_Internal.o
                0x0000cf80                Rte_Read_PirteSWC_PirteSWCProto_PirteSwcReadPositionDataFromTCUPort12_PositionData
 *fill*         0x0000cfc8        0x8 
 .text.Rte_Read_PirteSWC_PirteSWCProto_PirteSwcReadSpeedSteerDataFromTCUPort14_SpeedSteer
                0x0000cfd0       0x48 Rte_Internal.o
                0x0000cfd0                Rte_Read_PirteSWC_PirteSWCProto_PirteSwcReadSpeedSteerDataFromTCUPort14_SpeedSteer
 *fill*         0x0000d018        0x8 
 .text.Rte_Write_PirteSWC_PirteSWCProto_PirteSwcWriteAcknowledgementDataToTCUPort2_acknowledgementVCU
                0x0000d020       0x34 Rte_Internal.o
                0x0000d020                Rte_Write_PirteSWC_PirteSWCProto_PirteSwcWriteAcknowledgementDataToTCUPort2_acknowledgementVCU
 *fill*         0x0000d054        0xc 
 .text.Rte_Write_PirteSWC_PirteSWCProto_PirteSwcWriteAcknowledgementDataToTCUPort2_pluginCommunicationVCUtoTCU
                0x0000d060       0x24 Rte_Internal.o
                0x0000d060                Rte_Write_PirteSWC_PirteSWCProto_PirteSwcWriteAcknowledgementDataToTCUPort2_pluginCommunicationVCUtoTCU
 *fill*         0x0000d084        0xc 
 .text.Rte_Write_PirteSWC_PirteSWCProto_PirteSwcWriteCommunicationDataToTCUPort11_acknowledgementVCU
                0x0000d090       0x34 Rte_Internal.o
                0x0000d090                Rte_Write_PirteSWC_PirteSWCProto_PirteSwcWriteCommunicationDataToTCUPort11_acknowledgementVCU
 *fill*         0x0000d0c4        0xc 
 .text.Rte_Write_PirteSWC_PirteSWCProto_PirteSwcWriteCommunicationDataToTCUPort11_pluginCommunicationVCUtoTCU
                0x0000d0d0       0x2c Rte_Internal.o
                0x0000d0d0                Rte_Write_PirteSWC_PirteSWCProto_PirteSwcWriteCommunicationDataToTCUPort11_pluginCommunicationVCUtoTCU
 *fill*         0x0000d0fc        0x4 
 .text.Rte_Write_PirteSWC_PirteSWCProto_PirteSwcWriteDataToMotorSwcPort3_dataInt32
                0x0000d100       0x44 Rte_Internal.o
                0x0000d100                Rte_Write_PirteSWC_PirteSWCProto_PirteSwcWriteDataToMotorSwcPort3_dataInt32
 *fill*         0x0000d144        0xc 
 .text.Rte_Write_PirteSWC_PirteSWCProto_PirteSwcWriteDataToSCUPort9_argInt32
                0x0000d150       0x30 Rte_Internal.o
                0x0000d150                Rte_Write_PirteSWC_PirteSWCProto_PirteSwcWriteDataToSCUPort9_argInt32
 .text.Rte_Write_PirteSWC_PirteSWCProto_PirteSwcWriteDataToSCUPort9_pluginCommunicationVCUtoSCU
                0x0000d180       0x2c Rte_Internal.o
                0x0000d180                Rte_Write_PirteSWC_PirteSWCProto_PirteSwcWriteDataToSCUPort9_pluginCommunicationVCUtoSCU
 *fill*         0x0000d1ac        0x4 
 .text.Rte_Write_PirteSWC_PirteSWCProto_PirteSwcWriteDataToServoSwcPort4_dataInt32
                0x0000d1b0       0x44 Rte_Internal.o
                0x0000d1b0                Rte_Write_PirteSWC_PirteSWCProto_PirteSwcWriteDataToServoSwcPort4_dataInt32
 *fill*         0x0000d1f4        0xc 
 .text.Rte_Write_PirteSWC_PirteSWCProto_PirteSwcWriteLedPort13_dataInt32
                0x0000d200       0x44 Rte_Internal.o
                0x0000d200                Rte_Write_PirteSWC_PirteSWCProto_PirteSwcWriteLedPort13_dataInt32
 *fill*         0x0000d244        0xc 
 .text.Rte_Write_PirteSWC_PirteSWCProto_PirteSwcWriteSelectSpeedDataToMotorSwcPort15_dataInt32
                0x0000d250       0x30 Rte_Internal.o
                0x0000d250                Rte_Write_PirteSWC_PirteSWCProto_PirteSwcWriteSelectSpeedDataToMotorSwcPort15_dataInt32
 .text.Rte_Write_PirteSWC_PirteSWCProto_PirteSwcWriteSelectSteerDataToServoSwcPort16_dataInt32
                0x0000d280       0x30 Rte_Internal.o
                0x0000d280                Rte_Write_PirteSWC_PirteSWCProto_PirteSwcWriteSelectSteerDataToServoSwcPort16_dataInt32
 .text.Rte_Call_RearWheelSWC_RearWheelSWCProto_RearWheelSwcReadDataFromWheelSensorPort2_Read
                0x0000d2b0       0x28 Rte_Internal.o
                0x0000d2b0                Rte_Call_RearWheelSWC_RearWheelSWCProto_RearWheelSwcReadDataFromWheelSensorPort2_Read
 *fill*         0x0000d2d8        0x8 
 .text.Rte_Write_RearWheelSWC_RearWheelSWCProto_RearWheelSwcWriteDataToPirteSwcPort1_dataInt32
                0x0000d2e0       0x44 Rte_Internal.o
                0x0000d2e0                Rte_Write_RearWheelSWC_RearWheelSWCProto_RearWheelSwcWriteDataToPirteSwcPort1_dataInt32
 *fill*         0x0000d324        0xc 
 .text.Rte_Read_ServoSWC_ServoSWCProto_ServoSwcReadDataFromPirteSwcPort1_dataInt32
                0x0000d330       0x4c Rte_Internal.o
                0x0000d330                Rte_Read_ServoSWC_ServoSWCProto_ServoSwcReadDataFromPirteSwcPort1_dataInt32
 *fill*         0x0000d37c        0x4 
 .text.Rte_Read_ServoSWC_ServoSWCProto_ServoSwcReadDataFromTCUPort2_SpeedSteer
                0x0000d380       0x48 Rte_Internal.o
                0x0000d380                Rte_Read_ServoSWC_ServoSWCProto_ServoSwcReadDataFromTCUPort2_SpeedSteer
 *fill*         0x0000d3c8        0x8 
 .text.Rte_Read_ServoSWC_ServoSWCProto_ServoSwcReadDataFromTCUPort2_dataInt32
                0x0000d3d0       0x2c Rte_Internal.o
                0x0000d3d0                Rte_Read_ServoSWC_ServoSWCProto_ServoSwcReadDataFromTCUPort2_dataInt32
 *fill*         0x0000d3fc        0x4 
 .text.Rte_Read_ServoSWC_ServoSWCProto_ServoSwcReadSelectDataFromPirteSwcPort4_dataInt32
                0x0000d400       0x38 Rte_Internal.o
                0x0000d400                Rte_Read_ServoSWC_ServoSWCProto_ServoSwcReadSelectDataFromPirteSwcPort4_dataInt32
 *fill*         0x0000d438        0x8 
 .text.Rte_Call_ServoSWC_ServoSWCProto_ServoSwcWriteDataToIoHwPwmPort3_Write
                0x0000d440       0x28 Rte_Internal.o
                0x0000d440                Rte_Call_ServoSWC_ServoSWCProto_ServoSwcWriteDataToIoHwPwmPort3_Write
 *fill*         0x0000d468        0x8 
 .text.Rte_AdcSWCProto_AdcSensorWriteRunnable
                0x0000d470       0x24 Rte_AdcSWC.o
                0x0000d470                Rte_AdcSWCProto_AdcSensorWriteRunnable
 *fill*         0x0000d494        0xc 
 .text.Rte_AdcSWCProto_AdcSensorReadRunnable
                0x0000d4a0       0x10 Rte_AdcSWC.o
                0x0000d4a0                Rte_AdcSWCProto_AdcSensorReadRunnable
 .text.Rte_FrontWheelSWCProto_FrontWheelSensorWriteRunnable
                0x0000d4b0       0x24 Rte_FrontWheelSWC.o
                0x0000d4b0                Rte_FrontWheelSWCProto_FrontWheelSensorWriteRunnable
 *fill*         0x0000d4d4        0xc 
 .text.Rte_FrontWheelSWCProto_FrontWheelSensorReadRunnable
                0x0000d4e0       0x10 Rte_FrontWheelSWC.o
                0x0000d4e0                Rte_FrontWheelSWCProto_FrontWheelSensorReadRunnable
 .text.Rte_IoHwAbProto_IoHw_Read_AdcSensor
                0x0000d4f0       0x38 Rte_IoHwAb.o
                0x0000d4f0                Rte_IoHwAbProto_IoHw_Read_AdcSensor
 *fill*         0x0000d528        0x8 
 .text.Rte_IoHwAbProto_IoHw_Read_FrontWheelSensor
                0x0000d530       0x38 Rte_IoHwAb.o
                0x0000d530                Rte_IoHwAbProto_IoHw_Read_FrontWheelSensor
 *fill*         0x0000d568        0x8 
 .text.Rte_IoHwAbProto_IoHw_Read_RearWheelSensor
                0x0000d570       0x38 Rte_IoHwAb.o
                0x0000d570                Rte_IoHwAbProto_IoHw_Read_RearWheelSensor
 *fill*         0x0000d5a8        0x8 
 .text.Rte_IoHwAbProto_IoHw_Write_Led
                0x0000d5b0       0x50 Rte_IoHwAb.o
                0x0000d5b0                Rte_IoHwAbProto_IoHw_Write_Led
 .text.Rte_IoHwAbProto_IoHw_WriteSpeed_DutyCycle
                0x0000d600       0x40 Rte_IoHwAb.o
                0x0000d600                Rte_IoHwAbProto_IoHw_WriteSpeed_DutyCycle
 .text.Rte_IoHwAbProto_IoHw_WriteServo_DutyCycle
                0x0000d640       0x40 Rte_IoHwAb.o
                0x0000d640                Rte_IoHwAbProto_IoHw_WriteServo_DutyCycle
 .text.Rte_LedSWCProto_LedControlRunnable
                0x0000d680       0x1c Rte_LedSWC.o
                0x0000d680                Rte_LedSWCProto_LedControlRunnable
 *fill*         0x0000d69c        0x4 
 .text.Rte_MotorSWCProto_MotorControlRunnable
                0x0000d6a0       0x28 Rte_MotorSWC.o
                0x0000d6a0                Rte_MotorSWCProto_MotorControlRunnable
 *fill*         0x0000d6c8        0x8 
 .text.Rte_PirteSWCProto_Pirte_ReadInstallationDataFromTCU_Runnable
                0x0000d6d0       0x1c Rte_PirteSWC.o
                0x0000d6d0                Rte_PirteSWCProto_Pirte_ReadInstallationDataFromTCU_Runnable
 *fill*         0x0000d6ec        0x4 
 .text.Rte_PirteSWCProto_Pirte_WriteAcknowledgementDataToTCU_Runnable
                0x0000d6f0       0x24 Rte_PirteSWC.o
                0x0000d6f0                Rte_PirteSWCProto_Pirte_WriteAcknowledgementDataToTCU_Runnable
 *fill*         0x0000d714        0xc 
 .text.Rte_PirteSWCProto_Pirte_ReadCommunicationDataFromTCU_Runnable
                0x0000d720       0x1c Rte_PirteSWC.o
                0x0000d720                Rte_PirteSWCProto_Pirte_ReadCommunicationDataFromTCU_Runnable
 *fill*         0x0000d73c        0x4 
 .text.Rte_PirteSWCProto_Pirte_WriteCommunicationDataFromTCU_Runnable
                0x0000d740       0x1c Rte_PirteSWC.o
                0x0000d740                Rte_PirteSWCProto_Pirte_WriteCommunicationDataFromTCU_Runnable
 *fill*         0x0000d75c        0x4 
 .text.Rte_PirteSWCProto_Pirte_WriteDataToMotor_Runnable
                0x0000d760       0x24 Rte_PirteSWC.o
                0x0000d760                Rte_PirteSWCProto_Pirte_WriteDataToMotor_Runnable
 *fill*         0x0000d784        0xc 
 .text.Rte_PirteSWCProto_Pirte_WriteDataToServo_Runnable
                0x0000d790       0x24 Rte_PirteSWC.o
                0x0000d790                Rte_PirteSWCProto_Pirte_WriteDataToServo_Runnable
 *fill*         0x0000d7b4        0xc 
 .text.Rte_PirteSWCProto_Pirte_ReadDataFromAdc_Runnable
                0x0000d7c0       0x1c Rte_PirteSWC.o
                0x0000d7c0                Rte_PirteSWCProto_Pirte_ReadDataFromAdc_Runnable
 *fill*         0x0000d7dc        0x4 
 .text.Rte_PirteSWCProto_Pirte_ReadDataFromFrontWheel_Runnable
                0x0000d7e0       0x1c Rte_PirteSWC.o
                0x0000d7e0                Rte_PirteSWCProto_Pirte_ReadDataFromFrontWheel_Runnable
 *fill*         0x0000d7fc        0x4 
 .text.Rte_PirteSWCProto_Pirte_ReadDataFromRearWheel_Runnable
                0x0000d800       0x1c Rte_PirteSWC.o
                0x0000d800                Rte_PirteSWCProto_Pirte_ReadDataFromRearWheel_Runnable
 *fill*         0x0000d81c        0x4 
 .text.Rte_PirteSWCProto_Pirte_ReadDataFromSCU_Runnable
                0x0000d820       0x1c Rte_PirteSWC.o
                0x0000d820                Rte_PirteSWCProto_Pirte_ReadDataFromSCU_Runnable
 *fill*         0x0000d83c        0x4 
 .text.Rte_PirteSWCProto_Pirte_WriteDataToSCU_Runnable
                0x0000d840       0x1c Rte_PirteSWC.o
                0x0000d840                Rte_PirteSWCProto_Pirte_WriteDataToSCU_Runnable
 *fill*         0x0000d85c        0x4 
 .text.Rte_PirteSWCProto_Pirte_ReadPositionData_Runnable
                0x0000d860       0x1c Rte_PirteSWC.o
                0x0000d860                Rte_PirteSWCProto_Pirte_ReadPositionData_Runnable
 *fill*         0x0000d87c        0x4 
 .text.Rte_PirteSWCProto_Pirte_WriteLedData_Runnable
                0x0000d880       0x24 Rte_PirteSWC.o
                0x0000d880                Rte_PirteSWCProto_Pirte_WriteLedData_Runnable
 *fill*         0x0000d8a4        0xc 
 .text.Rte_PirteSWCProto_Pirte_ReadSpeedSteerData_Runnable
                0x0000d8b0       0x14 Rte_PirteSWC.o
                0x0000d8b0                Rte_PirteSWCProto_Pirte_ReadSpeedSteerData_Runnable
 *fill*         0x0000d8c4        0xc 
 .text.Rte_RearWheelSWCProto_RearWheelSensorWriteRunnable
                0x0000d8d0       0x24 Rte_RearWheelSWC.o
                0x0000d8d0                Rte_RearWheelSWCProto_RearWheelSensorWriteRunnable
 *fill*         0x0000d8f4        0xc 
 .text.Rte_RearWheelSWCProto_RearWheelSensorReadRunnable
                0x0000d900       0x10 Rte_RearWheelSWC.o
                0x0000d900                Rte_RearWheelSWCProto_RearWheelSensorReadRunnable
 .text.Rte_ServoSWCProto_ServoControlRunnable
                0x0000d910       0x28 Rte_ServoSWC.o
                0x0000d910                Rte_ServoSWCProto_ServoControlRunnable
 *fill*         0x0000d938        0x8 
 .text.setBit   0x0000d940       0x68 /home/avenir/Documents/dev/eclipse_ws/moped/src/core/boards/Raspberry_Pi/config/simple_stdio.o
 *fill*         0x0000d9a8        0x8 
 .text.findFirstFreeBit
                0x0000d9b0       0xac /home/avenir/Documents/dev/eclipse_ws/moped/src/core/boards/Raspberry_Pi/config/simple_stdio.o
 *fill*         0x0000da5c        0x4 
 .text.findIbit
                0x0000da60       0x94 /home/avenir/Documents/dev/eclipse_ws/moped/src/core/boards/Raspberry_Pi/config/simple_stdio.o
 *fill*         0x0000daf4        0xc 
 .text.getFileSize
                0x0000db00       0xcc /home/avenir/Documents/dev/eclipse_ws/moped/src/core/boards/Raspberry_Pi/config/simple_stdio.o
 *fill*         0x0000dbcc        0x4 
 .text.getFS    0x0000dbd0       0x20 /home/avenir/Documents/dev/eclipse_ws/moped/src/core/boards/Raspberry_Pi/config/simple_stdio.o
                0x0000dbd0                getFS
 .text.setSize  0x0000dbf0       0x74 /home/avenir/Documents/dev/eclipse_ws/moped/src/core/boards/Raspberry_Pi/config/simple_stdio.o
                0x0000dbf0                setSize
 *fill*         0x0000dc64        0xc 
 .text.stat     0x0000dc70       0x4c /home/avenir/Documents/dev/eclipse_ws/moped/src/core/boards/Raspberry_Pi/config/simple_stdio.o
                0x0000dc70                stat
 *fill*         0x0000dcbc        0x4 
 .text._fini    0x0000dcc0       0x14 /home/avenir/Documents/dev/eclipse_ws/moped/src/core/boards/Raspberry_Pi/config/simple_stdio.o
                0x0000dcc0                _fini
 *fill*         0x0000dcd4        0xc 
 .text.Rte_IRead_LedControlRunnable_LedSwcReadDataFromPirteSwcPort1_dataInt32
                0x0000dce0       0x2c Actuator_Led.o
 *fill*         0x0000dd0c        0x4 
 .text.Rte_Call_LedSwcWriteDataToIoHwLedPort2_PinOpt
                0x0000dd10       0x30 Actuator_Led.o
 .text.Led_Init
                0x0000dd40       0x30 Actuator_Led.o
 .text.LedControlRunnable
                0x0000dd70       0x7c Actuator_Led.o
                0x0000dd70                LedControlRunnable
 *fill*         0x0000ddec        0x4 
 .text.Rte_IRead_MotorControlRunnable_MotorSwcReadDataFromPirteSwcPort1_dataInt32
                0x0000ddf0       0x2c Actuator_MotorSpeed.o
 *fill*         0x0000de1c        0x4 
 .text.Rte_IRead_MotorControlRunnable_MotorSwcReadDataFromTCUPort2_SpeedSteer
                0x0000de20       0x28 Actuator_MotorSpeed.o
 *fill*         0x0000de48        0x8 
 .text.MotorControlRunnable
                0x0000de50       0x74 Actuator_MotorSpeed.o
                0x0000de50                MotorControlRunnable
 *fill*         0x0000dec4        0xc 
 .text.Rte_IRead_ServoControlRunnable_ServoSwcReadDataFromPirteSwcPort1_dataInt32
                0x0000ded0       0x2c Actuator_ServoDirection.o
 *fill*         0x0000defc        0x4 
 .text.Rte_IRead_ServoControlRunnable_ServoSwcReadDataFromTCUPort2_SpeedSteer
                0x0000df00       0x28 Actuator_ServoDirection.o
 *fill*         0x0000df28        0x8 
 .text.ServoControlRunnable
                0x0000df30       0x7c Actuator_ServoDirection.o
                0x0000df30                ServoControlRunnable
 *fill*         0x0000dfac        0x4 
 .text.IoHwAb_Init
                0x0000dfb0       0x14 IoHwAb.o
                0x0000dfb0                IoHwAb_Init
 *fill*         0x0000dfc4        0xc 
 .text.IoHwAb_MainFunction
                0x0000dfd0       0x14 IoHwAb.o
                0x0000dfd0                IoHwAb_MainFunction
 *fill*         0x0000dfe4        0xc 
 .text.output   0x0000dff0       0x20 java.o
                0x0000dff0                output
 .text.autosarFetchByte
                0x0000e010       0xb4 java.o
                0x0000e010                autosarFetchByte
 *fill*         0x0000e0c4        0xc 
 .text.autosarSendAckByte
                0x0000e0d0       0x40 java.o
                0x0000e0d0                autosarSendAckByte
 .text.autosarSendPackageData
                0x0000e110       0x8c java.o
                0x0000e110                autosarSendPackageData
 *fill*         0x0000e19c        0x4 
 .text.autosarFetchNewData
                0x0000e1a0      0x244 java.o
                0x0000e1a0                autosarFetchNewData
 *fill*         0x0000e3e4        0xc 
 .text.autosarCheckIfNewPackage
                0x0000e3f0       0x44 java.o
                0x0000e3f0                autosarCheckIfNewPackage
 *fill*         0x0000e434        0xc 
 .text.autosarGetLengthPackage
                0x0000e440       0x24 java.o
                0x0000e440                autosarGetLengthPackage
 *fill*         0x0000e464        0xc 
 .text.autosarGetReadStartIndex
                0x0000e470       0x24 java.o
                0x0000e470                autosarGetReadStartIndex
 *fill*         0x0000e494        0xc 
 .text.autosarGetReadRearIndex
                0x0000e4a0       0x24 java.o
                0x0000e4a0                autosarGetReadRearIndex
 *fill*         0x0000e4c4        0xc 
 .text.autosarSendSpeedPwmData
                0x0000e4d0       0x30 java.o
                0x0000e4d0                autosarSendSpeedPwmData
 .text.autosarSendSteerPwmData
                0x0000e500       0x30 java.o
                0x0000e500                autosarSendSteerPwmData
 .text.autosarFetchFrontWheelSpeed
                0x0000e530       0x18 java.o
                0x0000e530                autosarFetchFrontWheelSpeed
 *fill*         0x0000e548        0x8 
 .text.autosarFetchSteer
                0x0000e550       0x1c java.o
                0x0000e550                autosarFetchSteer
 *fill*         0x0000e56c        0x4 
 .text.autosarFetchBackWheelSpeed
                0x0000e570       0x18 java.o
                0x0000e570                autosarFetchBackWheelSpeed
 *fill*         0x0000e588        0x8 
 .text.autosarFetchAdcData
                0x0000e590       0xb8 java.o
                0x0000e590                autosarFetchAdcData
 *fill*         0x0000e648        0x8 
 .text.autosarReadPosition
                0x0000e650       0x30 java.o
                0x0000e650                autosarReadPosition
 .text.autosarReadPluginDataSizeFromSCU
                0x0000e680       0x24 java.o
                0x0000e680                autosarReadPluginDataSizeFromSCU
 *fill*         0x0000e6a4        0xc 
 .text.autosarReadPluginDataByteFromSCU
                0x0000e6b0       0x38 java.o
                0x0000e6b0                autosarReadPluginDataByteFromSCU
 *fill*         0x0000e6e8        0x8 
 .text.autosarResetPluginDataSizeFromSCU
                0x0000e6f0       0x24 java.o
                0x0000e6f0                autosarResetPluginDataSizeFromSCU
 *fill*         0x0000e714        0xc 
 .text.autosarSetLED
                0x0000e720       0x84 java.o
                0x0000e720                autosarSetLED
 *fill*         0x0000e7a4        0xc 
 .text.autosarSetSpeedWithSelector
                0x0000e7b0       0x34 java.o
                0x0000e7b0                autosarSetSpeedWithSelector
 *fill*         0x0000e7e4        0xc 
 .text.autosarSetSteerWithSelector
                0x0000e7f0       0x34 java.o
                0x0000e7f0                autosarSetSteerWithSelector
 *fill*         0x0000e824        0xc 
 .text.autosarReadPluginDataSizeFromTCU
                0x0000e830       0x24 java.o
                0x0000e830                autosarReadPluginDataSizeFromTCU
 *fill*         0x0000e854        0xc 
 .text.autosarReadPluginDataByteFromTCU
                0x0000e860       0x38 java.o
                0x0000e860                autosarReadPluginDataByteFromTCU
 *fill*         0x0000e898        0x8 
 .text.autosarResetPluginDataSizeFromTCU
                0x0000e8a0       0x24 java.o
                0x0000e8a0                autosarResetPluginDataSizeFromTCU
 *fill*         0x0000e8c4        0xc 
 .text.autosarFetchSpeedFromPirte
                0x0000e8d0       0x1c java.o
                0x0000e8d0                autosarFetchSpeedFromPirte
 *fill*         0x0000e8ec        0x4 
 .text.autosarFetchSteerFromPirte
                0x0000e8f0       0x1c java.o
                0x0000e8f0                autosarFetchSteerFromPirte
 *fill*         0x0000e90c        0x4 
 .text.autosarSetSelect
                0x0000e910       0x2c java.o
                0x0000e910                autosarSetSelect
 *fill*         0x0000e93c        0x4 
 .text.autosarReadUltrasonicData
                0x0000e940       0x1c java.o
                0x0000e940                autosarReadUltrasonicData
 *fill*         0x0000e95c        0x4 
 .text.autosarWritePluginData2VCU
                0x0000e960       0x20 java.o
                0x0000e960                autosarWritePluginData2VCU
 .text.autosarReadIMUPart1
                0x0000e980       0x24 java.o
                0x0000e980                autosarReadIMUPart1
 *fill*         0x0000e9a4        0xc 
 .text.autosarReadIMUPart2
                0x0000e9b0       0x24 java.o
                0x0000e9b0                autosarReadIMUPart2
 *fill*         0x0000e9d4        0xc 
 .text.SquawkTask
                0x0000e9e0       0x28 main.o
                0x0000e9e0                SquawkTask
 *fill*         0x0000ea08        0x8 
 .text.StartupTask
                0x0000ea10       0x84 main.o
                0x0000ea10                StartupTask
 *fill*         0x0000ea94        0xc 
 .text.CanFunctionTask
                0x0000eaa0       0x58 main.o
                0x0000eaa0                CanFunctionTask
 *fill*         0x0000eaf8        0x8 
 .text.OsIdle   0x0000eb00        0xc main.o
                0x0000eb00                OsIdle
 *fill*         0x0000eb0c        0x4 
 .text.Rte_IWrite_AdcSensorWriteRunnable_AdcSwcWriteDataToPirteSwcPort1_dataInt32
                0x0000eb10       0x34 Sensor_Adc.o
 *fill*         0x0000eb44        0xc 
 .text.Rte_Call_AdcSwcReadDataFromAdcDriverPort2_Read
                0x0000eb50       0x28 Sensor_Adc.o
 *fill*         0x0000eb78        0x8 
 .text.AdcSensorReadRunnable
                0x0000eb80       0x18 Sensor_Adc.o
                0x0000eb80                AdcSensorReadRunnable
 *fill*         0x0000eb98        0x8 
 .text.AdcSensorWriteRunnable
                0x0000eba0       0x20 Sensor_Adc.o
                0x0000eba0                AdcSensorWriteRunnable
 .text.Rte_IWrite_FrontWheelSensorWriteRunnable_FrontWheelSwcWriteDataToPirteSwcPort1_dataInt32
                0x0000ebc0       0x34 Sensor_FrontWheel.o
 *fill*         0x0000ebf4        0xc 
 .text.Rte_Call_FrontWheelSwcReadDataFromWheelSensorPort2_Read
                0x0000ec00       0x28 Sensor_FrontWheel.o
 *fill*         0x0000ec28        0x8 
 .text.FrontWheelSensorReadRunnable
                0x0000ec30       0x18 Sensor_FrontWheel.o
                0x0000ec30                FrontWheelSensorReadRunnable
 *fill*         0x0000ec48        0x8 
 .text.FrontWheelSensorWriteRunnable
                0x0000ec50       0x20 Sensor_FrontWheel.o
                0x0000ec50                FrontWheelSensorWriteRunnable
 .text.Rte_IWrite_RearWheelSensorWriteRunnable_RearWheelSwcWriteDataToPirteSwcPort1_dataInt32
                0x0000ec70       0x34 Sensor_RearWheel.o
 *fill*         0x0000eca4        0xc 
 .text.Rte_Call_RearWheelSwcReadDataFromWheelSensorPort2_Read
                0x0000ecb0       0x28 Sensor_RearWheel.o
 *fill*         0x0000ecd8        0x8 
 .text.RearWheelSensorReadRunnable
                0x0000ece0       0x18 Sensor_RearWheel.o
                0x0000ece0                RearWheelSensorReadRunnable
 *fill*         0x0000ecf8        0x8 
 .text.RearWheelSensorWriteRunnable
                0x0000ed00       0x20 Sensor_RearWheel.o
                0x0000ed00                RearWheelSensorWriteRunnable
 .text.OSErrorGetServiceId
                0x0000ed20       0x24 system_hooks.o
 *fill*         0x0000ed44        0xc 
 .text.ProtectionHook
                0x0000ed50       0x30 system_hooks.o
                0x0000ed50                ProtectionHook
 .text.StartupHook
                0x0000ed80       0x1c system_hooks.o
                0x0000ed80                StartupHook
 *fill*         0x0000ed9c        0x4 
 .text.ShutdownHook
                0x0000eda0       0x18 system_hooks.o
                0x0000eda0                ShutdownHook
 *fill*         0x0000edb8        0x8 
 .text.ErrorHook
                0x0000edc0      0x1a4 system_hooks.o
                0x0000edc0                ErrorHook
 *fill*         0x0000ef64        0xc 
 .text.PreTaskHook
                0x0000ef70       0x80 system_hooks.o
                0x0000ef70                PreTaskHook
 .text.PostTaskHook
                0x0000eff0       0x80 system_hooks.o
                0x0000eff0                PostTaskHook
 .text.Rte_IRead_Pirte_ReadInstallationDataFromTCU_Runnable_PirteSwcReadInstallationDataFromTCUPort1_pluginInstallationVCU
                0x0000f070       0x28 vcu_platform.o
 *fill*         0x0000f098        0x8 
 .text.Rte_IWrite_Pirte_WriteAcknowledgementDataToTCU_Runnable_PirteSwcWriteAcknowledgementDataToTCUPort2_acknowledgementVCU
                0x0000f0a0       0x38 vcu_platform.o
 *fill*         0x0000f0d8        0x8 
 .text.Rte_IRead_Pirte_ReadCommunicationDataFromTCU_Runnable_PirteSwcReadCommunicationDataFromTCUPort10_pluginCommunicationTCUtoVCU
                0x0000f0e0       0x28 vcu_platform.o
 *fill*         0x0000f108        0x8 
 .text.Rte_IWrite_Pirte_WriteCommunicationDataFromTCU_Runnable_PirteSwcWriteCommunicationDataToTCUPort11_pluginCommunicationVCUtoTCU
                0x0000f110       0x38 vcu_platform.o
 *fill*         0x0000f148        0x8 
 .text.Rte_IWrite_Pirte_WriteDataToMotor_Runnable_PirteSwcWriteDataToMotorSwcPort3_dataInt32
                0x0000f150       0x34 vcu_platform.o
 *fill*         0x0000f184        0xc 
 .text.Rte_IWrite_Pirte_WriteDataToServo_Runnable_PirteSwcWriteDataToServoSwcPort4_dataInt32
                0x0000f190       0x34 vcu_platform.o
 *fill*         0x0000f1c4        0xc 
 .text.Rte_IRead_Pirte_ReadDataFromAdc_Runnable_PirteSwcReadDataFromAdcSwcPort5_dataInt32
                0x0000f1d0       0x2c vcu_platform.o
 *fill*         0x0000f1fc        0x4 
 .text.Rte_IRead_Pirte_ReadDataFromFrontWheel_Runnable_PirteSwcReadDataFromFrontWheelSwcPort6_dataInt32
                0x0000f200       0x2c vcu_platform.o
 *fill*         0x0000f22c        0x4 
 .text.Rte_IRead_Pirte_ReadDataFromRearWheel_Runnable_PirteSwcReadDataFromRearWheelSwcPort7_dataInt32
                0x0000f230       0x2c vcu_platform.o
 *fill*         0x0000f25c        0x4 
 .text.Rte_IRead_Pirte_ReadDataFromSCU_Runnable_PirteSwcReadDataFromSCUPort8_pluginCommunicationSCUtoVCU
                0x0000f260       0x40 vcu_platform.o
 .text.Rte_IWrite_Pirte_WriteDataToSCU_Runnable_PirteSwcWriteDataToSCUPort9_pluginCommunicationVCUtoSCU
                0x0000f2a0       0x38 vcu_platform.o
 *fill*         0x0000f2d8        0x8 
 .text.Rte_IRead_Pirte_ReadPositionData_Runnable_PirteSwcReadPositionDataFromTCUPort12_PositionData
                0x0000f2e0       0x28 vcu_platform.o
 *fill*         0x0000f308        0x8 
 .text.Rte_IWrite_Pirte_WriteLedData_Runnable_PirteSwcWriteLedPort13_dataInt32
                0x0000f310       0x34 vcu_platform.o
 *fill*         0x0000f344        0xc 
 .text.Rte_IRead_Pirte_ReadSpeedSteerData_Runnable_PirteSwcReadSpeedSteerDataFromTCUPort14_SpeedSteer
                0x0000f350       0x28 vcu_platform.o
 *fill*         0x0000f378        0x8 
 .text.Can_Read_Single_Frame
                0x0000f380       0xfc vcu_platform.o
                0x0000f380                Can_Read_Single_Frame
 *fill*         0x0000f47c        0x4 
 .text.Can_Read_First_Frame
                0x0000f480      0x138 vcu_platform.o
                0x0000f480                Can_Read_First_Frame
 *fill*         0x0000f5b8        0x8 
 .text.Can_Read_Consecutive_Frame
                0x0000f5c0      0x16c vcu_platform.o
                0x0000f5c0                Can_Read_Consecutive_Frame
 *fill*         0x0000f72c        0x4 
 .text.Can_Send_Single_Frame
                0x0000f730      0x10c vcu_platform.o
                0x0000f730                Can_Send_Single_Frame
 *fill*         0x0000f83c        0x4 
 .text.Can_Send_First_Frame
                0x0000f840      0x178 vcu_platform.o
                0x0000f840                Can_Send_First_Frame
 *fill*         0x0000f9b8        0x8 
 .text.Can_Send_Consecutive_Frame
                0x0000f9c0      0x138 vcu_platform.o
                0x0000f9c0                Can_Send_Consecutive_Frame
 *fill*         0x0000faf8        0x8 
 .text.Can_Send_Package
                0x0000fb00      0x180 vcu_platform.o
                0x0000fb00                Can_Send_Package
 .text.Can_Read_Package
                0x0000fc80      0x110 vcu_platform.o
                0x0000fc80                Can_Read_Package
 .text.Pirte_ReadInstallationDataFromTCU_Runnable
                0x0000fd90      0x118 vcu_platform.o
                0x0000fd90                Pirte_ReadInstallationDataFromTCU_Runnable
 *fill*         0x0000fea8        0x8 
 .text.Pirte_WriteAcknowledgementDataToTCU_Runnable
                0x0000feb0       0x20 vcu_platform.o
                0x0000feb0                Pirte_WriteAcknowledgementDataToTCU_Runnable
 .text.Pirte_ReadCommunicationDataFromTCU_Runnable
                0x0000fed0       0xfc vcu_platform.o
                0x0000fed0                Pirte_ReadCommunicationDataFromTCU_Runnable
 *fill*         0x0000ffcc        0x4 
 .text.Pirte_WriteCommunicationDataFromTCU_Runnable
                0x0000ffd0      0x108 vcu_platform.o
                0x0000ffd0                Pirte_WriteCommunicationDataFromTCU_Runnable
 *fill*         0x000100d8        0x8 
 .text.Pirte_ReadDataFromSCU_Runnable
                0x000100e0      0x10c vcu_platform.o
                0x000100e0                Pirte_ReadDataFromSCU_Runnable
 *fill*         0x000101ec        0x4 
 .text.Pirte_WriteDataToSCU_Runnable
                0x000101f0      0x104 vcu_platform.o
                0x000101f0                Pirte_WriteDataToSCU_Runnable
 *fill*         0x000102f4        0xc 
 .text.Pirte_WriteDataToMotor_Runnable
                0x00010300       0x14 vcu_platform.o
                0x00010300                Pirte_WriteDataToMotor_Runnable
 *fill*         0x00010314        0xc 
 .text.Pirte_WriteDataToServo_Runnable
                0x00010320       0x14 vcu_platform.o
                0x00010320                Pirte_WriteDataToServo_Runnable
 *fill*         0x00010334        0xc 
 .text.Pirte_ReadDataFromAdc_Runnable
                0x00010340       0x24 vcu_platform.o
                0x00010340                Pirte_ReadDataFromAdc_Runnable
 *fill*         0x00010364        0xc 
 .text.Pirte_ReadDataFromFrontWheel_Runnable
                0x00010370       0x24 vcu_platform.o
                0x00010370                Pirte_ReadDataFromFrontWheel_Runnable
 *fill*         0x00010394        0xc 
 .text.Pirte_ReadDataFromRearWheel_Runnable
                0x000103a0       0x24 vcu_platform.o
                0x000103a0                Pirte_ReadDataFromRearWheel_Runnable
 *fill*         0x000103c4        0xc 
 .text.Pirte_ReadPositionData_Runnable
                0x000103d0      0x1d4 vcu_platform.o
                0x000103d0                Pirte_ReadPositionData_Runnable
 *fill*         0x000105a4        0xc 
 .text.Pirte_WriteLedData_Runnable
                0x000105b0       0x50 vcu_platform.o
                0x000105b0                Pirte_WriteLedData_Runnable
 .text.Pirte_ReadSpeedSteerData_Runnable
                0x00010600       0x44 vcu_platform.o
                0x00010600                Pirte_ReadSpeedSteerData_Runnable
 *fill*         0x00010644        0xc 
 .text.getFrontWheelSpeed
                0x00010650       0x2c vcu_platform.o
                0x00010650                getFrontWheelSpeed
 *fill*         0x0001067c        0x4 
 .text.getRearWheelSpeed
                0x00010680       0x2c vcu_platform.o
                0x00010680                getRearWheelSpeed
 *fill*         0x000106ac        0x4 
 .text.PirteWriteSpeedPwmData
                0x000106b0       0x38 vcu_platform.o
                0x000106b0                PirteWriteSpeedPwmData
 *fill*         0x000106e8        0x8 
 .text.PirteWriteSteerPwmData
                0x000106f0       0x38 vcu_platform.o
                0x000106f0                PirteWriteSteerPwmData
 *fill*         0x00010728        0x8 
 .text.readAdcDataFromPort
                0x00010730       0x24 vcu_platform.o
                0x00010730                readAdcDataFromPort
 *fill*         0x00010754        0xc 
 .text.readPositionFromPort
                0x00010760      0x104 vcu_platform.o
                0x00010760                readPositionFromPort
 *fill*         0x00010864        0xc 
 .text.Task1_off
                0x00010870       0x2c led.o
                0x00010870                Task1_off
 *fill*         0x0001089c        0x4 
 .text.Task1_on
                0x000108a0       0x28 led.o
                0x000108a0                Task1_on
 *fill*         0x000108c8        0x8 
 .text.Task2_off
                0x000108d0       0x2c led.o
                0x000108d0                Task2_off
 *fill*         0x000108fc        0x4 
 .text.Task2_on
                0x00010900       0x28 led.o
                0x00010900                Task2_on
 *fill*         0x00010928        0x8 
 .text.Task3_off
                0x00010930       0x2c led.o
                0x00010930                Task3_off
 *fill*         0x0001095c        0x4 
 .text.Task3_on
                0x00010960       0x28 led.o
                0x00010960                Task3_on
 *fill*         0x00010988        0x8 
 .text.Idle_off
                0x00010990       0x2c led.o
                0x00010990                Idle_off
 *fill*         0x000109bc        0x4 
 .text.Idle_on  0x000109c0       0x28 led.o
                0x000109c0                Idle_on
 *fill*         0x000109e8        0x8 
 .text.led_on   0x000109f0       0x28 led.o
                0x000109f0                led_on
 *fill*         0x00010a18        0x8 
 .text.led_off  0x00010a20       0x28 led.o
                0x00010a20                led_off
 *fill*         0x00010a48        0x8 
 .text.delay    0x00010a50       0x4c led.o
                0x00010a50                delay
 *fill*         0x00010a9c        0x4 
 .text.led_blink
                0x00010aa0       0x7c led.o
                0x00010aa0                led_blink
 *fill*         0x00010b1c        0x4 
 .text.led_asm  0x00010b20       0x88 led.o
                0x00010b20                led_asm
 *fill*         0x00010ba8        0x8 
 .text.bcm2835_SetWriteOnlyGpioReg
                0x00010bb0       0x58 bcm2835.o
 *fill*         0x00010c08        0x8 
 .text.bcm2835_GpioFnSel
                0x00010c10       0xc4 bcm2835.o
                0x00010c10                bcm2835_GpioFnSel
 *fill*         0x00010cd4        0xc 
 .text.bcm2835_SetBitsInMask
                0x00010ce0       0x68 bcm2835.o
                0x00010ce0                bcm2835_SetBitsInMask
 *fill*         0x00010d48        0x8 
 .text.bcm2835_SetGpioPin
                0x00010d50       0x28 bcm2835.o
                0x00010d50                bcm2835_SetGpioPin
 *fill*         0x00010d78        0x8 
 .text.bcm2835_ClearGpioPin
                0x00010d80       0x28 bcm2835.o
                0x00010d80                bcm2835_ClearGpioPin
 *fill*         0x00010da8        0x8 
 .text.bcm2835_ClearEventDetectPin
                0x00010db0       0x28 bcm2835.o
                0x00010db0                bcm2835_ClearEventDetectPin
 *fill*         0x00010dd8        0x8 
 .text.bcm2835_SetReadWriteGpioReg
                0x00010de0       0x70 bcm2835.o
                0x00010de0                bcm2835_SetReadWriteGpioReg
 .text.bcm2835_UnsetReadWriteGpioReg
                0x00010e50       0x74 bcm2835.o
                0x00010e50                bcm2835_UnsetReadWriteGpioReg
 *fill*         0x00010ec4        0xc 
 .text.bcm2835_ReadGpioPin
                0x00010ed0       0x7c bcm2835.o
                0x00010ed0                bcm2835_ReadGpioPin
 *fill*         0x00010f4c        0x4 
 .text.bcm2835_Sleep
                0x00010f50       0xb0 bcm2835.o
                0x00010f50                bcm2835_Sleep
 .text.bcm2835_GpioIsr
                0x00011000       0x5c bcm2835.o
                0x00011000                bcm2835_GpioIsr
 *fill*         0x0001105c        0x4 
 .text.bcm2835_mailbox_write
                0x00011060       0x54 bcm2835.o
 *fill*         0x000110b4        0xc 
 .text.bcm2835_mailbox_read
                0x000110c0       0x68 bcm2835.o
 *fill*         0x00011128        0x8 
 .text.bcm2835_get_power_mask
                0x00011130       0x20 bcm2835.o
 .text.bcm2835_set_power_mask
                0x00011150       0x2c bcm2835.o
 *fill*         0x0001117c        0x4 
 .text.bcm2835_SetPower
                0x00011180       0xc4 bcm2835.o
                0x00011180                bcm2835_SetPower
 *fill*         0x00011244        0xc 
 .text.Uart_Init
                0x00011250      0x104 Uart.o
                0x00011250                Uart_Init
 *fill*         0x00011354        0xc 
 .text.mini_uart_send
                0x00011360       0x48 Uart.o
                0x00011360                mini_uart_send
 *fill*         0x000113a8        0x8 
 .text.mini_uart_sendstr
                0x000113b0       0x5c Uart.o
                0x000113b0                mini_uart_sendstr
 *fill*         0x0001140c        0x4 
 .text.mini_uart_sendhex
                0x00011410       0xb4 Uart.o
                0x00011410                mini_uart_sendhex
 *fill*         0x000114c4        0xc 
 .text.mini_uart_recv
                0x000114d0       0x44 Uart.o
                0x000114d0                mini_uart_recv
 *fill*         0x00011514        0xc 
 .text.mini_uart_lcr
                0x00011520       0x38 Uart.o
                0x00011520                mini_uart_lcr
 *fill*         0x00011558        0x8 
 .text.Int_To_Chars
                0x00011560       0x90 Uart.o
                0x00011560                Int_To_Chars
 .text.Uart_Send_Int
                0x000115f0       0x6c Uart.o
                0x000115f0                Uart_Send_Int
 *fill*         0x0001165c        0x4 
 .text.Chars_To_Int
                0x00011660       0x8c Uart.o
                0x00011660                Chars_To_Int
 *fill*         0x000116ec        0x4 
 .text.mini_uart_sendDec
                0x000116f0       0x78 Uart.o
                0x000116f0                mini_uart_sendDec
 *fill*         0x00011768        0x8 
 .text.pi_printf
                0x00011770       0x4c Uart.o
                0x00011770                pi_printf
 *fill*         0x000117bc        0x4 
 .text.pi_print
                0x000117c0       0x68 Uart.o
                0x000117c0                pi_print
 *fill*         0x00011828        0x8 
 .text.SpeedSensor_Isr
                0x00011830       0x7c SpeedSensor.o
                0x00011830                SpeedSensor_Isr
 *fill*         0x000118ac        0x4 
 .text.SpeedSensor_IsValidWheel
                0x000118b0       0x4c SpeedSensor.o
 *fill*         0x000118fc        0x4 
 .text.SpeedSensor_Init
                0x00011900       0x6c SpeedSensor.o
                0x00011900                SpeedSensor_Init
 *fill*         0x0001196c        0x4 
 .text.Sensors_GetWheelPulse
                0x00011970       0x50 SpeedSensor.o
                0x00011970                Sensors_GetWheelPulse
 .text.Sensors_ResetWheelPulse
                0x000119c0       0x48 SpeedSensor.o
                0x000119c0                Sensors_ResetWheelPulse
 *fill*         0x00011a08        0x8 
 .text.Mcp3008_Read
                0x00011a10       0xc4 Mcp3008.o
                0x00011a10                Mcp3008_Read
 *fill*         0x00011ad4        0xc 
 .text.UltrasonicSensor_Init
                0x00011ae0       0x50 UltrasonicSensor.o
                0x00011ae0                UltrasonicSensor_Init
 .text.UltrasonicSensor_Read
                0x00011b30      0x134 UltrasonicSensor.o
                0x00011b30                UltrasonicSensor_Read
 *fill*         0x00011c64        0xc 
 .text.EcuM_Init
                0x00011c70      0x134 EcuM.o
                0x00011c70                EcuM_Init
 *fill*         0x00011da4        0xc 
 .text.EcuM_Shutdown
                0x00011db0       0x38 EcuM.o
                0x00011db0                EcuM_Shutdown
 *fill*         0x00011de8        0x8 
 .text.EcuM_SelectApplicationMode
                0x00011df0       0x34 EcuM.o
                0x00011df0                EcuM_SelectApplicationMode
 *fill*         0x00011e24        0xc 
 .text.EcuM_GetApplicationMode
                0x00011e30       0x38 EcuM.o
                0x00011e30                EcuM_GetApplicationMode
 *fill*         0x00011e68        0x8 
 .text.EcuM_SelectBootTarget
                0x00011e70       0x18 EcuM.o
                0x00011e70                EcuM_SelectBootTarget
 *fill*         0x00011e88        0x8 
 .text.EcuM_GetBootTarget
                0x00011e90       0x14 EcuM.o
                0x00011e90                EcuM_GetBootTarget
 *fill*         0x00011ea4        0xc 
 .text.EcuM_SelectShutdownTarget
                0x00011eb0       0x4c EcuM.o
                0x00011eb0                EcuM_SelectShutdownTarget
 *fill*         0x00011efc        0x4 
 .text.EcuM_GetShutdownTarget
                0x00011f00       0x4c EcuM.o
                0x00011f00                EcuM_GetShutdownTarget
 *fill*         0x00011f4c        0x4 
 .text.EcuM_SetWakeupEvent
                0x00011f50       0x88 EcuM.o
                0x00011f50                EcuM_SetWakeupEvent
 *fill*         0x00011fd8        0x8 
 .text.EcuM_ClearWakeupEvent
                0x00011fe0       0x64 EcuM.o
                0x00011fe0                EcuM_ClearWakeupEvent
 *fill*         0x00012044        0xc 
 .text.EcuM_GetPendingWakeupEvents
                0x00012050       0x24 EcuM.o
                0x00012050                EcuM_GetPendingWakeupEvents
 *fill*         0x00012074        0xc 
 .text.EcuM_GetValidatedWakeupEvents
                0x00012080       0x24 EcuM.o
                0x00012080                EcuM_GetValidatedWakeupEvents
 *fill*         0x000120a4        0xc 
 .text.EcuM_ValidateWakeupEvent
                0x000120b0       0x38 EcuM.o
                0x000120b0                EcuM_ValidateWakeupEvent
 *fill*         0x000120e8        0x8 
 .text.EcuM_StartupTwo
                0x000120f0       0x44 EcuM_Fixed.o
                0x000120f0                EcuM_StartupTwo
 *fill*         0x00012134        0xc 
 .text.EcuM_GetState
                0x00012140       0x38 EcuM_Fixed.o
                0x00012140                EcuM_GetState
 *fill*         0x00012178        0x8 
 .text.EcuM_RequestRUN
                0x00012180       0x64 EcuM_Fixed.o
                0x00012180                EcuM_RequestRUN
 *fill*         0x000121e4        0xc 
 .text.EcuM_ReleaseRUN
                0x000121f0       0x50 EcuM_Fixed.o
                0x000121f0                EcuM_ReleaseRUN
 .text.EcuM_KillAllRUNRequests
                0x00012240       0x3c EcuM_Fixed.o
                0x00012240                EcuM_KillAllRUNRequests
 *fill*         0x0001227c        0x4 
 .text.EcuM_RequestPOST_RUN
                0x00012280       0x64 EcuM_Fixed.o
                0x00012280                EcuM_RequestPOST_RUN
 *fill*         0x000122e4        0xc 
 .text.EcuM_ReleasePOST_RUN
                0x000122f0       0x50 EcuM_Fixed.o
                0x000122f0                EcuM_ReleasePOST_RUN
 .text.EcuM_GetStatusOfWakeupSource
                0x00012340       0x60 EcuM_Fixed.o
                0x00012340                EcuM_GetStatusOfWakeupSource
 .text.SetCurrentState
                0x000123a0       0x30 EcuM_Main.o
                0x000123a0                SetCurrentState
 .text.SetComMCommunicationAllowed
                0x000123d0       0x28 EcuM_Main.o
 *fill*         0x000123f8        0x8 
 .text.EcuM_enter_run_mode
                0x00012400       0x50 EcuM_Main.o
                0x00012400                EcuM_enter_run_mode
 .text.enter_go_sleep_mode
                0x00012450       0x28 EcuM_Main.o
 *fill*         0x00012478        0x8 
 .text.in_state_goSleep
                0x00012480      0x114 EcuM_Main.o
 *fill*         0x00012594        0xc 
 .text.in_state_sleep
                0x000125a0       0x68 EcuM_Main.o
 *fill*         0x00012608        0x8 
 .text.enter_go_off_one_mode
                0x00012610       0x24 EcuM_Main.o
 *fill*         0x00012634        0xc 
 .text.hasRunRequests
                0x00012640       0x40 EcuM_Main.o
 .text.hasPostRunRequests
                0x00012680       0x34 EcuM_Main.o
 *fill*         0x000126b4        0xc 
 .text.in_state_appRun
                0x000126c0       0x74 EcuM_Main.o
 *fill*         0x00012734        0xc 
 .text.in_state_appPostRun
                0x00012740       0x48 EcuM_Main.o
 *fill*         0x00012788        0x8 
 .text.in_state_prepShutdown
                0x00012790       0x54 EcuM_Main.o
 *fill*         0x000127e4        0xc 
 .text.in_state_goOffOne
                0x000127f0       0x14 EcuM_Main.o
 *fill*         0x00012804        0xc 
 .text.EcuM_MainFunction
                0x00012810      0x428 EcuM_Main.o
                0x00012810                EcuM_MainFunction
 *fill*         0x00012c38        0x8 
 .text.EcuM_ErrorHook
                0x00012c40       0x18 EcuM_Callout_Stubs.o
                0x00012c40                EcuM_ErrorHook
 *fill*         0x00012c58        0x8 
 .text._dummy   0x00012c60       0x14 EcuM_Callout_Stubs.o
 *fill*         0x00012c74        0xc 
 .text.EcuM_DeterminePbConfiguration
                0x00012c80       0x38 EcuM_Callout_Stubs.o
                0x00012c80                EcuM_DeterminePbConfiguration
 *fill*         0x00012cb8        0x8 
 .text.EcuM_AL_DriverInitZero
                0x00012cc0       0x14 EcuM_Callout_Stubs.o
                0x00012cc0                EcuM_AL_DriverInitZero
 *fill*         0x00012cd4        0xc 
 .text.EcuM_AL_DriverInitOne
                0x00012ce0       0x84 EcuM_Callout_Stubs.o
                0x00012ce0                EcuM_AL_DriverInitOne
 *fill*         0x00012d64        0xc 
 .text.EcuM_AL_DriverInitTwo
                0x00012d70       0x98 EcuM_Callout_Stubs.o
                0x00012d70                EcuM_AL_DriverInitTwo
 *fill*         0x00012e08        0x8 
 .text.EcuM_AL_DriverInitThree
                0x00012e10       0x1c EcuM_Callout_Stubs.o
                0x00012e10                EcuM_AL_DriverInitThree
 *fill*         0x00012e2c        0x4 
 .text.EcuM_LoopDetection
                0x00012e30       0x1c EcuM_Callout_Stubs.o
                0x00012e30                EcuM_LoopDetection
 *fill*         0x00012e4c        0x4 
 .text.EcuM_OnEnterRun
                0x00012e50       0x14 EcuM_Callout_Stubs.o
                0x00012e50                EcuM_OnEnterRun
 *fill*         0x00012e64        0xc 
 .text.EcuM_OnExitRun
                0x00012e70       0x14 EcuM_Callout_Stubs.o
                0x00012e70                EcuM_OnExitRun
 *fill*         0x00012e84        0xc 
 .text.EcuM_OnExitPostRun
                0x00012e90       0x14 EcuM_Callout_Stubs.o
                0x00012e90                EcuM_OnExitPostRun
 *fill*         0x00012ea4        0xc 
 .text.EcuM_OnPrepShutdown
                0x00012eb0       0x14 EcuM_Callout_Stubs.o
                0x00012eb0                EcuM_OnPrepShutdown
 *fill*         0x00012ec4        0xc 
 .text.EcuM_OnGoSleep
                0x00012ed0       0x14 EcuM_Callout_Stubs.o
                0x00012ed0                EcuM_OnGoSleep
 *fill*         0x00012ee4        0xc 
 .text.EcuM_OnGoOffOne
                0x00012ef0       0x14 EcuM_Callout_Stubs.o
                0x00012ef0                EcuM_OnGoOffOne
 *fill*         0x00012f04        0xc 
 .text.EcuM_OnGoOffTwo
                0x00012f10       0x14 EcuM_Callout_Stubs.o
                0x00012f10                EcuM_OnGoOffTwo
 *fill*         0x00012f24        0xc 
 .text.EcuM_AL_SwitchOff
                0x00012f30       0x14 EcuM_Callout_Stubs.o
                0x00012f30                EcuM_AL_SwitchOff
 *fill*         0x00012f44        0xc 
 .text.EcuM_CheckWakeup
                0x00012f50       0x48 EcuM_Callout_Stubs.o
                0x00012f50                EcuM_CheckWakeup
 *fill*         0x00012f98        0x8 
 .text.EcuM_EnableWakeupSources
                0x00012fa0       0x1c EcuM_Callout_Stubs.o
                0x00012fa0                EcuM_EnableWakeupSources
 *fill*         0x00012fbc        0x4 
 .text.EcuM_DisableWakeupSources
                0x00012fc0       0x1c EcuM_Callout_Stubs.o
                0x00012fc0                EcuM_DisableWakeupSources
 *fill*         0x00012fdc        0x4 
 .text.EcuM_StartWakeupSources
                0x00012fe0       0x40 EcuM_Callout_Stubs.o
                0x00012fe0                EcuM_StartWakeupSources
 .text.EcuM_StopWakeupSources
                0x00013020       0x40 EcuM_Callout_Stubs.o
                0x00013020                EcuM_StopWakeupSources
 .text.EcuM_CheckValidation
                0x00013060       0x40 EcuM_Callout_Stubs.o
                0x00013060                EcuM_CheckValidation
 .text.EcuM_AL_DriverRestart
                0x000130a0       0x7c EcuM_Callout_Stubs.o
                0x000130a0                EcuM_AL_DriverRestart
 *fill*         0x0001311c        0x4 
 .text.EcuM_OnWakeupReaction
                0x00013120       0x40 EcuM_Callout_Stubs.o
                0x00013120                EcuM_OnWakeupReaction
 .text.EcuM_GenerateRamHash
                0x00013160       0x34 EcuM_Callout_Stubs.o
                0x00013160                EcuM_GenerateRamHash
 *fill*         0x00013194        0xc 
 .text.EcuM_CheckRamHash
                0x000131a0       0x38 EcuM_Callout_Stubs.o
                0x000131a0                EcuM_CheckRamHash
 *fill*         0x000131d8        0x8 
 .text.Dma_Init
                0x000131e0       0x70 Dma.o
                0x000131e0                Dma_Init
 .text.Dma_DeInit
                0x00013250       0x24 Dma.o
                0x00013250                Dma_DeInit
 *fill*         0x00013274        0xc 
 .text.Dma_AlignCB
                0x00013280       0x34 Dma.o
                0x00013280                Dma_AlignCB
 *fill*         0x000132b4        0xc 
 .text.Dma_ConfigureChannel
                0x000132c0       0xb0 Dma.o
                0x000132c0                Dma_ConfigureChannel
 .text.Dma_ConfigureCB
                0x00013370       0x70 Dma.o
                0x00013370                Dma_ConfigureCB
 .text.__enable_irq
                0x000133e0       0x18 Mcu.o
 *fill*         0x000133f8        0x8 
 .text.SetClocks
                0x00013400       0x1c Mcu.o
 *fill*         0x0001341c        0x4 
 .text.InitPerClocks
                0x00013420       0x14 Mcu.o
 *fill*         0x00013434        0xc 
 .text.InitMcuClocks
                0x00013440       0x20 Mcu.o
 .text.Mcu_Init
                0x00013460       0x4c Mcu.o
                0x00013460                Mcu_Init
 *fill*         0x000134ac        0x4 
 .text.Mcu_DeInit
                0x000134b0       0x24 Mcu.o
                0x000134b0                Mcu_DeInit
 *fill*         0x000134d4        0xc 
 .text.Mcu_InitRamSection
                0x000134e0       0x28 Mcu.o
                0x000134e0                Mcu_InitRamSection
 *fill*         0x00013508        0x8 
 .text.Mcu_InitClock
                0x00013510       0x38 Mcu.o
                0x00013510                Mcu_InitClock
 *fill*         0x00013548        0x8 
 .text.Mcu_DistributePllClock
                0x00013550       0x14 Mcu.o
                0x00013550                Mcu_DistributePllClock
 *fill*         0x00013564        0xc 
 .text.Mcu_GetPllStatus
                0x00013570       0x1c Mcu.o
                0x00013570                Mcu_GetPllStatus
 *fill*         0x0001358c        0x4 
 .text.Mcu_GetResetReason
                0x00013590       0x1c Mcu.o
                0x00013590                Mcu_GetResetReason
 *fill*         0x000135ac        0x4 
 .text.Mcu_GetResetRawValue
                0x000135b0       0x1c Mcu.o
                0x000135b0                Mcu_GetResetRawValue
 *fill*         0x000135cc        0x4 
 .text.Mcu_SetMode
                0x000135d0       0x20 Mcu.o
                0x000135d0                Mcu_SetMode
 .text.McuE_GetSystemClock
                0x000135f0       0xd4 Mcu.o
                0x000135f0                McuE_GetSystemClock
 *fill*         0x000136c4        0xc 
 .text.McuE_GetPeripheralClock
                0x000136d0       0x2c Mcu.o
                0x000136d0                McuE_GetPeripheralClock
 *fill*         0x000136fc        0x4 
 .text.Mcu_ConfigureFlash
                0x00013700       0x14 Mcu.o
                0x00013700                Mcu_ConfigureFlash
 *fill*         0x00013714        0xc 
 .text.Can_ReadController_Reg
                0x00013720       0x50 Can.o
 .text.Can_ReadController_Regs
                0x00013770       0xa4 Can.o
 *fill*         0x00013814        0xc 
 .text.Can_ReadController_Status
                0x00013820       0x5c Can.o
 *fill*         0x0001387c        0x4 
 .text.Can_ReadController_MsgID
                0x00013880       0x58 Can.o
 *fill*         0x000138d8        0x8 
 .text.Can_ReadController_Msg
                0x000138e0       0x94 Can.o
 *fill*         0x00013974        0xc 
 .text.Can_WriteController_Reg
                0x00013980       0x3c Can.o
 *fill*         0x000139bc        0x4 
 .text.Can_WriteController_Regs
                0x000139c0       0x80 Can.o
 .text.Can_WriteController_BitModify
                0x00013a40       0x94 Can.o
 *fill*         0x00013ad4        0xc 
 .text.Can_WriteController_MsgID
                0x00013ae0       0x6c Can.o
 *fill*         0x00013b4c        0x4 
 .text.Can_ResetController
                0x00013b50       0x5c Can.o
 *fill*         0x00013bac        0x4 
 .text.Can_SetController_Mode
                0x00013bb0       0x70 Can.o
 .text.Can_GetController_TxBuf
                0x00013c20       0xc8 Can.o
 *fill*         0x00013ce8        0x8 
 .text.Can_SendMessage
                0x00013cf0       0xc8 Can.o
 *fill*         0x00013db8        0x8 
 .text.Can_FindHoh
                0x00013dc0       0xd0 Can.o
 .text.Can_TriggerCanIf
                0x00013e90      0x1bc Can.o
 *fill*         0x0001404c        0x4 
 .text.Can_Init
                0x00014050      0x21c Can.o
                0x00014050                Can_Init
 *fill*         0x0001426c        0x4 
 .text.Can_InitController
                0x00014270      0x264 Can.o
                0x00014270                Can_InitController
 *fill*         0x000144d4        0xc 
 .text.Can_SetControllerMode
                0x000144e0      0x21c Can.o
                0x000144e0                Can_SetControllerMode
 *fill*         0x000146fc        0x4 
 .text.Can_SetBaudrate
                0x00014700      0x15c Can.o
                0x00014700                Can_SetBaudrate
 *fill*         0x0001485c        0x4 
 .text.Can_Write
                0x00014860       0xf8 Can.o
                0x00014860                Can_Write
 *fill*         0x00014958        0x8 
 .text.Can_MainFunction_Read
                0x00014960      0x194 Can.o
                0x00014960                Can_MainFunction_Read
 *fill*         0x00014af4        0xc 
 .text.Can_CheckBaudrate
                0x00014b00      0x13c Can.o
                0x00014b00                Can_CheckBaudrate
 *fill*         0x00014c3c        0x4 
 .text.Can_ChangeBaudrate
                0x00014c40       0xb4 Can.o
                0x00014c40                Can_ChangeBaudrate
 *fill*         0x00014cf4        0xc 
 .text.ControllerToChannel
                0x00014d00       0xa8 CanIf.o
 *fill*         0x00014da8        0x8 
 .text.CanIf_Init
                0x00014db0       0xc0 CanIf.o
                0x00014db0                CanIf_Init
 .text.CanIf_ControllerModeIndication
                0x00014e70      0x144 CanIf.o
                0x00014e70                CanIf_ControllerModeIndication
 *fill*         0x00014fb4        0xc 
 .text.CanIf_SetControllerMode
                0x00014fc0      0x1b8 CanIf.o
                0x00014fc0                CanIf_SetControllerMode
 *fill*         0x00015178        0x8 
 .text.CanIf_GetControllerMode
                0x00015180       0xd4 CanIf.o
                0x00015180                CanIf_GetControllerMode
 *fill*         0x00015254        0xc 
 .text.CanIf_Transmit
                0x00015260      0x25c CanIf.o
                0x00015260                CanIf_Transmit
 *fill*         0x000154bc        0x4 
 .text.CanIf_TxConfirmation
                0x000154c0      0x15c CanIf.o
                0x000154c0                CanIf_TxConfirmation
 *fill*         0x0001561c        0x4 
 .text.CanIf_RxIndication
                0x00015620      0x3fc CanIf.o
                0x00015620                CanIf_RxIndication
 *fill*         0x00015a1c        0x4 
 .text.CanIf_SetPduMode
                0x00015a20      0x2c4 CanIf.o
                0x00015a20                CanIf_SetPduMode
 *fill*         0x00015ce4        0xc 
 .text.CanIf_GetPduMode
                0x00015cf0       0xd4 CanIf.o
                0x00015cf0                CanIf_GetPduMode
 *fill*         0x00015dc4        0xc 
 .text.CanIf_ControllerBusOff
                0x00015dd0      0x108 CanIf.o
                0x00015dd0                CanIf_ControllerBusOff
 *fill*         0x00015ed8        0x8 
 .text.CanIf_Arc_Error
                0x00015ee0       0x24 CanIf.o
                0x00015ee0                CanIf_Arc_Error
 *fill*         0x00015f04        0xc 
 .text.Dio_ReadChannel
                0x00015f10       0x78 Dio.o
                0x00015f10                Dio_ReadChannel
 *fill*         0x00015f88        0x8 
 .text.Dio_WriteChannel
                0x00015f90       0x98 Dio.o
                0x00015f90                Dio_WriteChannel
 *fill*         0x00016028        0x8 
 .text.Dio_ReadPort
                0x00016030       0x30 Dio.o
                0x00016030                Dio_ReadPort
 .text.Dio_WritePort
                0x00016060       0x28 Dio.o
                0x00016060                Dio_WritePort
 *fill*         0x00016088        0x8 
 .text.Dio_ReadChannelGroup
                0x00016090       0x60 Dio.o
                0x00016090                Dio_ReadChannelGroup
 .text.Dio_WriteChannelGroup
                0x000160f0       0xa8 Dio.o
                0x000160f0                Dio_WriteChannelGroup
 *fill*         0x00016198        0x8 
 .text.Dio_GetPortConfigSize
                0x000161a0       0x1c Dio_Lcfg.o
                0x000161a0                Dio_GetPortConfigSize
 *fill*         0x000161bc        0x4 
 .text.set_gpio_in
                0x000161c0       0x80 Port.o
 .text.Port_Init
                0x00016240       0xfc Port.o
                0x00016240                Port_Init
 *fill*         0x0001633c        0x4 
 .text.Port_RefreshPortDirection
                0x00016340       0x18 Port.o
                0x00016340                Port_RefreshPortDirection